Component: ARM Compiler 5.06 update 6 (build 750) Tool: armlink [4d35ed]

==============================================================================

Section Cross References

    startup_stm32f446xx.o(STACK) refers (Special) to heapauxi.o(.text) for __use_two_region_memory
    startup_stm32f446xx.o(HEAP) refers (Special) to heapauxi.o(.text) for __use_two_region_memory
    startup_stm32f446xx.o(RESET) refers (Special) to heapauxi.o(.text) for __use_two_region_memory
    startup_stm32f446xx.o(RESET) refers to startup_stm32f446xx.o(STACK) for __initial_sp
    startup_stm32f446xx.o(RESET) refers to startup_stm32f446xx.o(.text) for Reset_Handler
    startup_stm32f446xx.o(RESET) refers to stm32f4xx_it.o(i.NMI_Handler) for NMI_Handler
    startup_stm32f446xx.o(RESET) refers to stm32f4xx_it.o(i.HardFault_Handler) for HardFault_Handler
    startup_stm32f446xx.o(RESET) refers to stm32f4xx_it.o(i.MemManage_Handler) for MemManage_Handler
    startup_stm32f446xx.o(RESET) refers to stm32f4xx_it.o(i.BusFault_Handler) for BusFault_Handler
    startup_stm32f446xx.o(RESET) refers to stm32f4xx_it.o(i.UsageFault_Handler) for UsageFault_Handler
    startup_stm32f446xx.o(RESET) refers to stm32f4xx_it.o(i.SVC_Handler) for SVC_Handler
    startup_stm32f446xx.o(RESET) refers to stm32f4xx_it.o(i.DebugMon_Handler) for DebugMon_Handler
    startup_stm32f446xx.o(RESET) refers to stm32f4xx_it.o(i.PendSV_Handler) for PendSV_Handler
    startup_stm32f446xx.o(RESET) refers to stm32f4xx_it.o(i.SysTick_Handler) for SysTick_Handler
    startup_stm32f446xx.o(.text) refers (Special) to heapauxi.o(.text) for __use_two_region_memory
    startup_stm32f446xx.o(.text) refers to system_stm32f4xx.o(i.SystemInit) for SystemInit
    startup_stm32f446xx.o(.text) refers to __main.o(!!!main) for __main
    startup_stm32f446xx.o(.text) refers to startup_stm32f446xx.o(HEAP) for Heap_Mem
    startup_stm32f446xx.o(.text) refers to startup_stm32f446xx.o(STACK) for Stack_Mem
    main.o(i.MX_GPIO_Init) refers to rt_memclr_w.o(.text) for __aeabi_memclr4
    main.o(i.MX_GPIO_Init) refers to stm32f4xx_hal_gpio.o(i.HAL_GPIO_WritePin) for HAL_GPIO_WritePin
    main.o(i.MX_GPIO_Init) refers to stm32f4xx_hal_gpio.o(i.HAL_GPIO_Init) for HAL_GPIO_Init
    main.o(i.SystemClock_Config) refers to rt_memclr_w.o(.text) for __aeabi_memclr4
    main.o(i.SystemClock_Config) refers to stm32f4xx_hal_rcc_ex.o(i.HAL_RCC_OscConfig) for HAL_RCC_OscConfig
    main.o(i.SystemClock_Config) refers to stm32f4xx_hal_rcc.o(i.HAL_RCC_ClockConfig) for HAL_RCC_ClockConfig
    main.o(i.main) refers to stm32f4xx_hal.o(i.HAL_Init) for HAL_Init
    main.o(i.main) refers to main.o(i.SystemClock_Config) for SystemClock_Config
    main.o(i.main) refers to main.o(i.MX_GPIO_Init) for MX_GPIO_Init
    main.o(i.main) refers to stm32f4xx_hal_i2c.o(i.HAL_I2C_Init) for HAL_I2C_Init
    main.o(i.main) refers to stm32f4xx_hal_uart.o(i.HAL_UART_Init) for HAL_UART_Init
    main.o(i.main) refers to stm32f4xx_hal_gpio.o(i.HAL_GPIO_TogglePin) for HAL_GPIO_TogglePin
    main.o(i.main) refers to stm32f4xx_hal.o(i.HAL_Delay) for HAL_Delay
    main.o(i.main) refers to lc709.o(i.initRSOC) for initRSOC
    main.o(i.main) refers to lc709.o(i.currentDirection) for currentDirection
    main.o(i.main) refers to lc709.o(i.setPackSize) for setPackSize
    main.o(i.main) refers to lc709.o(i.setBattProfile) for setBattProfile
    main.o(i.main) refers to lc709.o(i.setAlarmRSOC) for setAlarmRSOC
    main.o(i.main) refers to lc709.o(i.setAlarmVoltage) for setAlarmVoltage
    main.o(i.main) refers to lc709.o(i.setPowerMode) for setPowerMode
    main.o(i.main) refers to lc709.o(i.setTemperatureMode) for setTemperatureMode
    main.o(i.main) refers to lc709.o(i.emptyCellVoltage) for emptyCellVoltage
    main.o(i.main) refers to lc709.o(i.setThermistorB) for setThermistorB
    main.o(i.main) refers to lc709.o(i.timeToEmpty) for timeToEmpty
    main.o(i.main) refers to lc709.o(i.timeToFull) for timeToFull
    main.o(i.main) refers to lc709.o(i.cellVoltage) for cellVoltage
    main.o(i.main) refers to lc709.o(i.cellPercent) for cellPercent
    main.o(i.main) refers to lc709.o(i.getCellTemperature) for getCellTemperature
    main.o(i.main) refers to lc709.o(i.getStateOfHealth) for getStateOfHealth
    main.o(i.main) refers to lc709.o(i.readWord) for readWord
    main.o(i.main) refers to main.o(.bss) for .bss
    main.o(i.main) refers to main.o(.data) for .data
    stm32f4xx_it.o(i.SysTick_Handler) refers to stm32f4xx_hal.o(i.HAL_IncTick) for HAL_IncTick
    stm32f4xx_hal_msp.o(i.HAL_I2C_MspDeInit) refers to stm32f4xx_hal_gpio.o(i.HAL_GPIO_DeInit) for HAL_GPIO_DeInit
    stm32f4xx_hal_msp.o(i.HAL_I2C_MspInit) refers to rt_memclr_w.o(.text) for __aeabi_memclr4
    stm32f4xx_hal_msp.o(i.HAL_I2C_MspInit) refers to stm32f4xx_hal_gpio.o(i.HAL_GPIO_Init) for HAL_GPIO_Init
    stm32f4xx_hal_msp.o(i.HAL_MspInit) refers to stm32f4xx_hal_cortex.o(i.HAL_NVIC_SetPriorityGrouping) for HAL_NVIC_SetPriorityGrouping
[...]
    Removing stm32f4xx_hal_flash.o(i.FLASH_SetErrorCode), (124 bytes).
    Removing stm32f4xx_hal_flash.o(i.FLASH_WaitForLastOperation), (80 bytes).
    Removing stm32f4xx_hal_flash.o(i.HAL_FLASH_EndOfOperationCallback), (2 bytes).
    Removing stm32f4xx_hal_flash.o(i.HAL_FLASH_GetError), (12 bytes).
    Removing stm32f4xx_hal_flash.o(i.HAL_FLASH_IRQHandler), (204 bytes).
    Removing stm32f4xx_hal_flash.o(i.HAL_FLASH_Lock), (20 bytes).
    Removing stm32f4xx_hal_flash.o(i.HAL_FLASH_OB_Launch), (24 bytes).
    Removing stm32f4xx_hal_flash.o(i.HAL_FLASH_OB_Lock), (20 bytes).
    Removing stm32f4xx_hal_flash.o(i.HAL_FLASH_OB_Unlock), (40 bytes).
    Removing stm32f4xx_hal_flash.o(i.HAL_FLASH_OperationErrorCallback), (2 bytes).
    Removing stm32f4xx_hal_flash.o(i.HAL_FLASH_Program), (124 bytes).
    Removing stm32f4xx_hal_flash.o(i.HAL_FLASH_Program_IT), (108 bytes).
    Removing stm32f4xx_hal_flash.o(i.HAL_FLASH_Unlock), (44 bytes).
    Removing stm32f4xx_hal_flash.o(.bss), (32 bytes).
    Removing stm32f4xx_hal_flash_ex.o(.rev16_text), (4 bytes).
    Removing stm32f4xx_hal_flash_ex.o(.revsh_text), (4 bytes).
    Removing stm32f4xx_hal_flash_ex.o(.rrx_text), (6 bytes).
    Removing stm32f4xx_hal_flash_ex.o(i.FLASH_Erase_Sector), (80 bytes).
    Removing stm32f4xx_hal_flash_ex.o(i.FLASH_FlushCaches), (84 bytes).
    Removing stm32f4xx_hal_flash_ex.o(i.FLASH_MassErase), (40 bytes).
    Removing stm32f4xx_hal_flash_ex.o(i.HAL_FLASHEx_AdvOBGetConfig), (12 bytes).
    Removing stm32f4xx_hal_flash_ex.o(i.HAL_FLASHEx_AdvOBProgram), (60 bytes).
    Removing stm32f4xx_hal_flash_ex.o(i.HAL_FLASHEx_Erase), (152 bytes).
    Removing stm32f4xx_hal_flash_ex.o(i.HAL_FLASHEx_Erase_IT), (104 bytes).
    Removing stm32f4xx_hal_flash_ex.o(i.HAL_FLASHEx_OBGetConfig), (64 bytes).
    Removing stm32f4xx_hal_flash_ex.o(i.HAL_FLASHEx_OBProgram), (204 bytes).
    Removing stm32f4xx_hal_flash_ex.o(i.HAL_FLASHEx_OB_DeSelectPCROP), (20 bytes).
    Removing stm32f4xx_hal_flash_ex.o(i.HAL_FLASHEx_OB_SelectPCROP), (24 bytes).
    Removing stm32f4xx_hal_flash_ramfunc.o(.rev16_text), (4 bytes).
    Removing stm32f4xx_hal_flash_ramfunc.o(.revsh_text), (4 bytes).
    Removing stm32f4xx_hal_flash_ramfunc.o(.rrx_text), (6 bytes).
    Removing stm32f4xx_hal_flash_ramfunc.o(i.HAL_FLASHEx_DisableFlashSleepMode), (44 bytes).
    Removing stm32f4xx_hal_flash_ramfunc.o(i.HAL_FLASHEx_EnableFlashSleepMode), (44 bytes).
    Removing stm32f4xx_hal_flash_ramfunc.o(i.HAL_FLASHEx_StartFlashInterfaceClk), (44 bytes).
    Removing stm32f4xx_hal_flash_ramfunc.o(i.HAL_FLASHEx_StopFlashInterfaceClk), (44 bytes).
    Removing stm32f4xx_hal_gpio.o(.rev16_text), (4 bytes).
    Removing stm32f4xx_hal_gpio.o(.revsh_text), (4 bytes).
    Removing stm32f4xx_hal_gpio.o(.rrx_text), (6 bytes).
    Removing stm32f4xx_hal_gpio.o(i.HAL_GPIO_DeInit), (344 bytes).
    Removing stm32f4xx_hal_gpio.o(i.HAL_GPIO_EXTI_Callback), (2 bytes).
    Removing stm32f4xx_hal_gpio.o(i.HAL_GPIO_EXTI_IRQHandler), (24 bytes).
    Removing stm32f4xx_hal_gpio.o(i.HAL_GPIO_LockPin), (34 bytes).
    Removing stm32f4xx_hal_gpio.o(i.HAL_GPIO_ReadPin), (10 bytes).
    Removing stm32f4xx_hal_dma_ex.o(.rev16_text), (4 bytes).
    Removing stm32f4xx_hal_dma_ex.o(.revsh_text), (4 bytes).
    Removing stm32f4xx_hal_dma_ex.o(.rrx_text), (6 bytes).
    Removing stm32f4xx_hal_dma_ex.o(i.DMA_MultiBufferSetConfig), (30 bytes).
    Removing stm32f4xx_hal_dma_ex.o(i.HAL_DMAEx_ChangeMemory), (14 bytes).
    Removing stm32f4xx_hal_dma_ex.o(i.HAL_DMAEx_MultiBufferStart), (100 bytes).
    Removing stm32f4xx_hal_dma_ex.o(i.HAL_DMAEx_MultiBufferStart_IT), (2432 bytes).
    Removing stm32f4xx_hal_dma.o(.rev16_text), (4 bytes).
    Removing stm32f4xx_hal_dma.o(.revsh_text), (4 bytes).
    Removing stm32f4xx_hal_dma.o(.rrx_text), (6 bytes).
    Removing stm32f4xx_hal_dma.o(i.DMA_CalcBaseAndBitshift), (40 bytes).
    Removing stm32f4xx_hal_dma.o(i.DMA_CheckFifoParam), (84 bytes).
    Removing stm32f4xx_hal_dma.o(i.DMA_SetConfig), (40 bytes).
    Removing stm32f4xx_hal_dma.o(i.HAL_DMA_Abort), (146 bytes).
    Removing stm32f4xx_hal_dma.o(i.HAL_DMA_Abort_IT), (36 bytes).
    Removing stm32f4xx_hal_dma.o(i.HAL_DMA_DeInit), (98 bytes).
    Removing stm32f4xx_hal_dma.o(i.HAL_DMA_GetError), (4 bytes).
    Removing stm32f4xx_hal_dma.o(i.HAL_DMA_GetState), (6 bytes).
    Removing stm32f4xx_hal_dma.o(i.HAL_DMA_IRQHandler), (416 bytes).
    Removing stm32f4xx_hal_dma.o(i.HAL_DMA_Init), (212 bytes).
    Removing stm32f4xx_hal_dma.o(i.HAL_DMA_PollForTransfer), (288 bytes).
    Removing stm32f4xx_hal_dma.o(i.HAL_DMA_RegisterCallback), (82 bytes).
    Removing stm32f4xx_hal_dma.o(i.HAL_DMA_Start), (70 bytes).
    Removing stm32f4xx_hal_dma.o(i.HAL_DMA_Start_IT), (110 bytes).
    Removing stm32f4xx_hal_dma.o(i.HAL_DMA_UnRegisterCallback), (96 bytes).
    Removing stm32f4xx_hal_dma.o(.constdata), (8 bytes).
    Removing stm32f4xx_hal_pwr.o(.rev16_text), (4 bytes).
    Removing stm32f4xx_hal_pwr.o(.revsh_text), (4 bytes).
    Removing stm32f4xx_hal_pwr.o(.rrx_text), (6 bytes).
    Removing stm32f4xx_hal_pwr.o(i.HAL_PWR_ConfigPVD), (124 bytes).
    Removing stm32f4xx_hal_pwr.o(i.HAL_PWR_DeInit), (24 bytes).
    Removing stm32f4xx_hal_pwr.o(i.HAL_PWR_DisableBkUpAccess), (24 bytes).
    Removing stm32f4xx_hal_pwr.o(i.HAL_PWR_DisablePVD), (12 bytes).
    Removing stm32f4xx_hal_pwr.o(i.HAL_PWR_DisableSEVOnPend), (16 bytes).
    Removing stm32f4xx_hal_pwr.o(i.HAL_PWR_DisableSleepOnExit), (16 bytes).
    Removing stm32f4xx_hal_pwr.o(i.HAL_PWR_DisableWakeUpPin), (16 bytes).
    Removing stm32f4xx_hal_pwr.o(i.HAL_PWR_EnableBkUpAccess), (24 bytes).
    Removing stm32f4xx_hal_pwr.o(i.HAL_PWR_EnablePVD), (12 bytes).
    Removing stm32f4xx_hal_pwr.o(i.HAL_PWR_EnableSEVOnPend), (16 bytes).
    Removing stm32f4xx_hal_pwr.o(i.HAL_PWR_EnableSleepOnExit), (16 bytes).
    Removing stm32f4xx_hal_pwr.o(i.HAL_PWR_EnableWakeUpPin), (16 bytes).
    Removing stm32f4xx_hal_pwr.o(i.HAL_PWR_EnterSLEEPMode), (32 bytes).
    Removing stm32f4xx_hal_pwr.o(i.HAL_PWR_EnterSTANDBYMode), (32 bytes).
    Removing stm32f4xx_hal_pwr.o(i.HAL_PWR_EnterSTOPMode), (56 bytes).
    Removing stm32f4xx_hal_pwr.o(i.HAL_PWR_PVDCallback), (2 bytes).
    Removing stm32f4xx_hal_pwr.o(i.HAL_PWR_PVD_IRQHandler), (28 bytes).
    Removing stm32f4xx_hal_pwr_ex.o(.rev16_text), (4 bytes).
    Removing stm32f4xx_hal_pwr_ex.o(.revsh_text), (4 bytes).
    Removing stm32f4xx_hal_pwr_ex.o(.rrx_text), (6 bytes).
    Removing stm32f4xx_hal_pwr_ex.o(i.HAL_PWREx_ControlVoltageScaling), (176 bytes).
    Removing stm32f4xx_hal_pwr_ex.o(i.HAL_PWREx_DisableBkUpReg), (60 bytes).
    Removing stm32f4xx_hal_pwr_ex.o(i.HAL_PWREx_DisableFlashPowerDown), (12 bytes).
    Removing stm32f4xx_hal_pwr_ex.o(i.HAL_PWREx_DisableOverDrive), (112 bytes).
    Removing stm32f4xx_hal_pwr_ex.o(i.HAL_PWREx_EnableBkUpReg), (60 bytes).
    Removing stm32f4xx_hal_pwr_ex.o(i.HAL_PWREx_EnableFlashPowerDown), (12 bytes).
    Removing stm32f4xx_hal_pwr_ex.o(i.HAL_PWREx_EnableOverDrive), (112 bytes).
    Removing stm32f4xx_hal_pwr_ex.o(i.HAL_PWREx_EnterUnderDriveSTOPMode), (96 bytes).
    Removing stm32f4xx_hal_pwr_ex.o(i.HAL_PWREx_GetVoltageRange), (16 bytes).
    Removing stm32f4xx_hal_cortex.o(.rev16_text), (4 bytes).
    Removing stm32f4xx_hal_cortex.o(.revsh_text), (4 bytes).
    Removing stm32f4xx_hal_cortex.o(.rrx_text), (6 bytes).
    Removing stm32f4xx_hal_cortex.o(i.HAL_MPU_ConfigRegion), (84 bytes).
    Removing stm32f4xx_hal_cortex.o(i.HAL_MPU_Disable), (28 bytes).
    Removing stm32f4xx_hal_cortex.o(i.HAL_MPU_Enable), (36 bytes).
    Removing stm32f4xx_hal_cortex.o(i.HAL_NVIC_ClearPendingIRQ), (26 bytes).
    Removing stm32f4xx_hal_cortex.o(i.HAL_NVIC_DisableIRQ), (34 bytes).
    Removing stm32f4xx_hal_cortex.o(i.HAL_NVIC_EnableIRQ), (26 bytes).
    Removing stm32f4xx_hal_cortex.o(i.HAL_NVIC_GetActive), (36 bytes).
    Removing stm32f4xx_hal_cortex.o(i.HAL_NVIC_GetPendingIRQ), (36 bytes).
    Removing stm32f4xx_hal_cortex.o(i.HAL_NVIC_GetPriority), (82 bytes).
    Removing stm32f4xx_hal_cortex.o(i.HAL_NVIC_GetPriorityGrouping), (16 bytes).
    Removing stm32f4xx_hal_cortex.o(i.HAL_NVIC_SetPendingIRQ), (26 bytes).
    Removing stm32f4xx_hal_cortex.o(i.HAL_NVIC_SystemReset), (36 bytes).
    Removing stm32f4xx_hal_cortex.o(i.HAL_SYSTICK_CLKSourceConfig), (24 bytes).
    Removing stm32f4xx_hal_cortex.o(i.HAL_SYSTICK_Callback), (2 bytes).
    Removing stm32f4xx_hal_cortex.o(i.HAL_SYSTICK_IRQHandler), (8 bytes).
    Removing stm32f4xx_hal.o(.rev16_text), (4 bytes).
    Removing stm32f4xx_hal.o(.revsh_text), (4 bytes).
    Removing stm32f4xx_hal.o(.rrx_text), (6 bytes).
    Removing stm32f4xx_hal.o(i.HAL_DBGMCU_DisableDBGSleepMode), (16 bytes).
    Removing stm32f4xx_hal.o(i.HAL_DBGMCU_DisableDBGStandbyMode), (16 bytes).
    Removing stm32f4xx_hal.o(i.HAL_DBGMCU_DisableDBGStopMode), (16 bytes).
    Removing stm32f4xx_hal.o(i.HAL_DBGMCU_EnableDBGSleepMode), (16 bytes).
    Removing stm32f4xx_hal.o(i.HAL_DBGMCU_EnableDBGStandbyMode), (16 bytes).
    Removing stm32f4xx_hal.o(i.HAL_DBGMCU_EnableDBGStopMode), (16 bytes).
    Removing stm32f4xx_hal.o(i.HAL_DeInit), (52 bytes).
    Removing stm32f4xx_hal.o(i.HAL_DisableCompensationCell), (12 bytes).
    Removing stm32f4xx_hal.o(i.HAL_EnableCompensationCell), (12 bytes).
    Removing stm32f4xx_hal.o(i.HAL_GetDEVID), (16 bytes).
    Removing stm32f4xx_hal.o(i.HAL_GetHalVersion), (8 bytes).
    Removing stm32f4xx_hal.o(i.HAL_GetREVID), (12 bytes).
    Removing stm32f4xx_hal.o(i.HAL_GetTickFreq), (12 bytes).
    Removing stm32f4xx_hal.o(i.HAL_GetTickPrio), (12 bytes).
    Removing stm32f4xx_hal.o(i.HAL_GetUIDw0), (12 bytes).
    Removing stm32f4xx_hal.o(i.HAL_GetUIDw1), (12 bytes).
    Removing stm32f4xx_hal.o(i.HAL_GetUIDw2), (12 bytes).
    Removing stm32f4xx_hal.o(i.HAL_MspDeInit), (2 bytes).
    Removing stm32f4xx_hal.o(i.HAL_MspInit), (2 bytes).
    Removing stm32f4xx_hal.o(i.HAL_ResumeTick), (14 bytes).
    Removing stm32f4xx_hal.o(i.HAL_SetTickFreq), (36 bytes).
    Removing stm32f4xx_hal.o(i.HAL_SuspendTick), (14 bytes).
    Removing stm32f4xx_hal_exti.o(.rev16_text), (4 bytes).
    Removing stm32f4xx_hal_exti.o(.revsh_text), (4 bytes).
    Removing stm32f4xx_hal_exti.o(.rrx_text), (6 bytes).
    Removing stm32f4xx_hal_exti.o(i.HAL_EXTI_ClearConfigLine), (108 bytes).
    Removing stm32f4xx_hal_exti.o(i.HAL_EXTI_ClearPending), (20 bytes).
    Removing stm32f4xx_hal_exti.o(i.HAL_EXTI_GenerateSWI), (20 bytes).
    Removing stm32f4xx_hal_exti.o(i.HAL_EXTI_GetConfigLine), (148 bytes).
    Removing stm32f4xx_hal_exti.o(i.HAL_EXTI_GetHandle), (12 bytes).
    Removing stm32f4xx_hal_exti.o(i.HAL_EXTI_GetPending), (24 bytes).
    Removing stm32f4xx_hal_exti.o(i.HAL_EXTI_IRQHandler), (36 bytes).
    Removing stm32f4xx_hal_exti.o(i.HAL_EXTI_RegisterCallback), (14 bytes).
    Removing stm32f4xx_hal_exti.o(i.HAL_EXTI_SetConfigLine), (168 bytes).
    Removing stm32f4xx_hal_tim.o(.rev16_text), (4 bytes).
    Removing stm32f4xx_hal_tim.o(.revsh_text), (4 bytes).
    Removing stm32f4xx_hal_tim.o(.rrx_text), (6 bytes).
    Removing stm32f4xx_hal_tim_ex.o(.rev16_text), (4 bytes).
    Removing stm32f4xx_hal_tim_ex.o(.revsh_text), (4 bytes).
    Removing stm32f4xx_hal_tim_ex.o(.rrx_text), (6 bytes).
    Removing stm32f4xx_hal_uart.o(.rev16_text), (4 bytes).
    Removing stm32f4xx_hal_uart.o(.revsh_text), (4 bytes).
    Removing stm32f4xx_hal_uart.o(.rrx_text), (6 bytes).
    Removing stm32f4xx_hal_uart.o(i.HAL_HalfDuplex_EnableReceiver), (50 bytes).
    Removing stm32f4xx_hal_uart.o(i.HAL_HalfDuplex_EnableTransmitter), (50 bytes).
    Removing stm32f4xx_hal_uart.o(i.HAL_HalfDuplex_Init), (108 bytes).
    Removing stm32f4xx_hal_uart.o(i.HAL_LIN_Init), (128 bytes).
    Removing stm32f4xx_hal_uart.o(i.HAL_LIN_SendBreak), (60 bytes).
    Removing stm32f4xx_hal_uart.o(i.HAL_MultiProcessor_EnterMuteMode), (60 bytes).
    Removing stm32f4xx_hal_uart.o(i.HAL_MultiProcessor_ExitMuteMode), (60 bytes).
    Removing stm32f4xx_hal_uart.o(i.HAL_MultiProcessor_Init), (142 bytes).
    Removing stm32f4xx_hal_uart.o(i.HAL_UARTEx_ReceiveToIdle), (254 bytes).
    Removing stm32f4xx_hal_uart.o(i.HAL_UARTEx_ReceiveToIdle_DMA), (86 bytes).
    Removing stm32f4xx_hal_uart.o(i.HAL_UARTEx_ReceiveToIdle_IT), (86 bytes).
    Removing stm32f4xx_hal_uart.o(i.HAL_UARTEx_RxEventCallback), (2 bytes).
    Removing stm32f4xx_hal_uart.o(i.HAL_UART_Abort), (210 bytes).
    Removing stm32f4xx_hal_uart.o(i.HAL_UART_AbortCpltCallback), (2 bytes).
    Removing stm32f4xx_hal_uart.o(i.HAL_UART_AbortReceive), (148 bytes).
    Removing stm32f4xx_hal_uart.o(i.HAL_UART_AbortReceiveCpltCallback), (2 bytes).
    Removing stm32f4xx_hal_uart.o(i.HAL_UART_AbortReceive_IT), (152 bytes).
    Removing stm32f4xx_hal_uart.o(i.HAL_UART_AbortTransmit), (98 bytes).
    Removing stm32f4xx_hal_uart.o(i.HAL_UART_AbortTransmitCpltCallback), (2 bytes).
    Removing stm32f4xx_hal_uart.o(i.HAL_UART_AbortTransmit_IT), (104 bytes).
    Removing stm32f4xx_hal_uart.o(i.HAL_UART_Abort_IT), (244 bytes).
    Removing stm32f4xx_hal_uart.o(i.HAL_UART_DMAPause), (146 bytes).
    Removing stm32f4xx_hal_uart.o(i.HAL_UART_DMAResume), (140 bytes).
    Removing stm32f4xx_hal_uart.o(i.HAL_UART_DMAStop), (112 bytes).
    Removing stm32f4xx_hal_uart.o(i.HAL_UART_DeInit), (52 bytes).
    Removing stm32f4xx_hal_uart.o(i.HAL_UART_ErrorCallback), (2 bytes).
    Removing stm32f4xx_hal_uart.o(i.HAL_UART_GetError), (4 bytes).
    Removing stm32f4xx_hal_uart.o(i.HAL_UART_GetState), (10 bytes).
    Removing stm32f4xx_hal_uart.o(i.HAL_UART_IRQHandler), (616 bytes).
    Removing stm32f4xx_hal_uart.o(i.HAL_UART_MspDeInit), (2 bytes).
    Removing stm32f4xx_hal_uart.o(i.HAL_UART_MspInit), (2 bytes).
    Removing stm32f4xx_hal_uart.o(i.HAL_UART_Receive), (192 bytes).
    Removing stm32f4xx_hal_uart.o(i.HAL_UART_Receive_DMA), (42 bytes).
    Removing stm32f4xx_hal_uart.o(i.HAL_UART_Receive_IT), (42 bytes).
    Removing stm32f4xx_hal_uart.o(i.HAL_UART_RxCpltCallback), (2 bytes).
    Removing stm32f4xx_hal_uart.o(i.HAL_UART_RxHalfCpltCallback), (2 bytes).
    Removing stm32f4xx_hal_uart.o(i.HAL_UART_Transmit), (178 bytes).
    Removing stm32f4xx_hal_uart.o(i.HAL_UART_Transmit_DMA), (140 bytes).
    Removing stm32f4xx_hal_uart.o(i.HAL_UART_Transmit_IT), (62 bytes).
    Removing stm32f4xx_hal_uart.o(i.HAL_UART_TxCpltCallback), (2 bytes).
    Removing stm32f4xx_hal_uart.o(i.HAL_UART_TxHalfCpltCallback), (2 bytes).
    Removing stm32f4xx_hal_uart.o(i.UART_DMAAbortOnError), (16 bytes).
    Removing stm32f4xx_hal_uart.o(i.UART_DMAError), (74 bytes).
    Removing stm32f4xx_hal_uart.o(i.UART_DMAReceiveCplt), (130 bytes).
    Removing stm32f4xx_hal_uart.o(i.UART_DMARxAbortCallback), (44 bytes).
    Removing stm32f4xx_hal_uart.o(i.UART_DMARxHalfCplt), (26 bytes).
    Removing stm32f4xx_hal_uart.o(i.UART_DMARxOnlyAbortCallback), (22 bytes).
    Removing stm32f4xx_hal_uart.o(i.UART_DMATransmitCplt), (66 bytes).
    Removing stm32f4xx_hal_uart.o(i.UART_DMATxAbortCallback), (44 bytes).
    Removing stm32f4xx_hal_uart.o(i.UART_DMATxHalfCplt), (10 bytes).
    Removing stm32f4xx_hal_uart.o(i.UART_DMATxOnlyAbortCallback), (20 bytes).
    Removing stm32f4xx_hal_uart.o(i.UART_EndRxTransfer), (78 bytes).
    Removing stm32f4xx_hal_uart.o(i.UART_EndTxTransfer), (28 bytes).
    Removing stm32f4xx_hal_uart.o(i.UART_Receive_IT), (192 bytes).
    Removing stm32f4xx_hal_uart.o(i.UART_Start_Receive_DMA), (148 bytes).
    Removing stm32f4xx_hal_uart.o(i.UART_Start_Receive_IT), (58 bytes).
    Removing stm32f4xx_hal_uart.o(i.UART_WaitOnFlagUntilTimeout), (120 bytes).
    Removing lc709.o(.rev16_text), (4 bytes).
    Removing lc709.o(.revsh_text), (4 bytes).
    Removing lc709.o(.rrx_text), (6 bytes).
    Removing lc709.o(i.getBattProfile), (22 bytes).
    Removing lc709.o(i.getICversion), (22 bytes).
    Removing lc709.o(i.getThermistorB), (22 bytes).
    Removing lc709.o(i.setPackAPA), (8 bytes).
    Removing system_stm32f4xx.o(.rev16_text), (4 bytes).
    Removing system_stm32f4xx.o(.revsh_text), (4 bytes).
    Removing system_stm32f4xx.o(.rrx_text), (6 bytes).
    Removing system_stm32f4xx.o(i.SystemCoreClockUpdate), (120 bytes).

359 unused section(s) (total 32402 bytes) removed from the image.

==============================================================================

Image Symbol Table

    Local Symbols

    Symbol Name                              Value     Ov Type        Size  Object(Section)

    ../Core/Src/main.c                       0x00000000   Number         0  main.o ABSOLUTE
    ../Core/Src/stm32f4xx_hal_msp.c          0x00000000   Number         0  stm32f4xx_hal_msp.o ABSOLUTE
    ../Core/Src/stm32f4xx_it.c               0x00000000   Number         0  stm32f4xx_it.o ABSOLUTE
    ../Core/Src/system_stm32f4xx.c           0x00000000   Number         0  system_stm32f4xx.o ABSOLUTE
    ../Drivers/STM32F4xx_HAL_Driver/Src/stm32f4xx_hal.c 0x00000000   Number         0  stm32f4xx_hal.o ABSOLUTE
    ../Drivers/STM32F4xx_HAL_Driver/Src/stm32f4xx_hal_cortex.c 0x00000000   Number         0  stm32f4xx_hal_cortex.o ABSOLUTE
    ../Drivers/STM32F4xx_HAL_Driver/Src/stm32f4xx_hal_dma.c 0x00000000   Number         0  stm32f4xx_hal_dma.o ABSOLUTE
    ../Drivers/STM32F4xx_HAL_Driver/Src/stm32f4xx_hal_dma_ex.c 0x00000000   Number         0  stm32f4xx_hal_dma_ex.o ABSOLUTE
    ../Drivers/STM32F4xx_HAL_Driver/Src/stm32f4xx_hal_exti.c 0x00000000   Number         0  stm32f4xx_hal_exti.o ABSOLUTE
    ../Drivers/STM32F4xx_HAL_Driver/Src/stm32f4xx_hal_flash.c 0x00000000   Number         0  stm32f4xx_hal_flash.o ABSOLUTE
    ../Drivers/STM32F4xx_HAL_Driver/Src/stm32f4xx_hal_flash_ex.c 0x00000000   Number         0  stm32f4xx_hal_flash_ex.o ABSOLUTE
    ../Drivers/STM32F4xx_HAL_Driver/Src/stm32f4xx_hal_flash_ramfunc.c 0x00000000   Number         0  stm32f4xx_hal_flash_ramfunc.o ABSOLUTE
    ../Drivers/STM32F4xx_HAL_Driver/Src/stm32f4xx_hal_gpio.c 0x00000000   Number         0  stm32f4xx_hal_gpio.o ABSOLUTE
    ../Drivers/STM32F4xx_HAL_Driver/Src/stm32f4xx_hal_i2c.c 0x00000000   Number         0  stm32f4xx_hal_i2c.o ABSOLUTE
    ../Drivers/STM32F4xx_HAL_Driver/Src/stm32f4xx_hal_i2c_ex.c 0x00000000   Number         0  stm32f4xx_hal_i2c_ex.o ABSOLUTE
    ../Drivers/STM32F4xx_HAL_Driver/Src/stm32f4xx_hal_pwr.c 0x00000000   Number         0  stm32f4xx_hal_pwr.o ABSOLUTE
    ../Drivers/STM32F4xx_HAL_Driver/Src/stm32f4xx_hal_pwr_ex.c 0x00000000   Number         0  stm32f4xx_hal_pwr_ex.o ABSOLUTE
    ../Drivers/STM32F4xx_HAL_Driver/Src/stm32f4xx_hal_rcc.c 0x00000000   Number         0  stm32f4xx_hal_rcc.o ABSOLUTE
    ../Drivers/STM32F4xx_HAL_Driver/Src/stm32f4xx_hal_rcc_ex.c 0x00000000   Number         0  stm32f4xx_hal_rcc_ex.o ABSOLUTE
    ../Drivers/STM32F4xx_HAL_Driver/Src/stm32f4xx_hal_tim.c 0x00000000   Number         0  stm32f4xx_hal_tim.o ABSOLUTE
    ../Drivers/STM32F4xx_HAL_Driver/Src/stm32f4xx_hal_tim_ex.c 0x00000000   Number         0  stm32f4xx_hal_tim_ex.o ABSOLUTE
    ../Drivers/STM32F4xx_HAL_Driver/Src/stm32f4xx_hal_uart.c 0x00000000   Number         0  stm32f4xx_hal_uart.o ABSOLUTE
    ../clib/angel/boardlib.s                 0x00000000   Number         0  boardinit1.o ABSOLUTE
    ../clib/angel/boardlib.s                 0x00000000   Number         0  boardinit2.o ABSOLUTE
    ../clib/angel/boardlib.s                 0x00000000   Number         0  boardinit3.o ABSOLUTE
    ../clib/angel/boardlib.s                 0x00000000   Number         0  boardshut.o ABSOLUTE
    ../clib/angel/handlers.s                 0x00000000   Number         0  __scatter_zi.o ABSOLUTE
    ../clib/angel/handlers.s                 0x00000000   Number         0  __scatter_copy.o ABSOLUTE
    ../clib/angel/kernel.s                   0x00000000   Number         0  __rtentry.o ABSOLUTE
    ../clib/angel/kernel.s                   0x00000000   Number         0  rtexit.o ABSOLUTE
    ../clib/angel/kernel.s                   0x00000000   Number         0  __rtentry2.o ABSOLUTE
    ../clib/angel/kernel.s                   0x00000000   Number         0  __rtentry4.o ABSOLUTE
    ../clib/angel/kernel.s                   0x00000000   Number         0  rtexit2.o ABSOLUTE
    ../clib/angel/rt.s                       0x00000000   Number         0  aeabi_ldiv0.o ABSOLUTE
    ../clib/angel/rt.s                       0x00000000   Number         0  aeabi_ldiv0_sigfpe.o ABSOLUTE
    ../clib/angel/rt.s                       0x00000000   Number         0  rt_raise.o ABSOLUTE
    ../clib/angel/rt.s                       0x00000000   Number         0  rt_div0.o ABSOLUTE
    ../clib/angel/scatter.s                  0x00000000   Number         0  __scatter.o ABSOLUTE
    ../clib/angel/startup.s                  0x00000000   Number         0  __main.o ABSOLUTE
    ../clib/angel/sys.s                      0x00000000   Number         0  use_no_semi.o ABSOLUTE
    ../clib/angel/sys.s                      0x00000000   Number         0  indicate_semi.o ABSOLUTE
    ../clib/angel/sys.s                      0x00000000   Number         0  libspace.o ABSOLUTE
    ../clib/angel/sys.s                      0x00000000   Number         0  sys_stackheap_outer.o ABSOLUTE
    ../clib/angel/sysapp.c                   0x00000000   Number         0  sys_exit.o ABSOLUTE
    ../clib/angel/sysapp.c                   0x00000000   Number         0  sys_command.o ABSOLUTE
    ../clib/angel/sysapp.c                   0x00000000   Number         0  sys_wrch.o ABSOLUTE
    ../clib/armsys.c                         0x00000000   Number         0  no_argv.o ABSOLUTE
    ../clib/armsys.c                         0x00000000   Number         0  _get_argv_nomalloc.o ABSOLUTE
    ../clib/armsys.c                         0x00000000   Number         0  argv_veneer.o ABSOLUTE
    ../clib/armsys.c                         0x00000000   Number         0  argv_veneer.o ABSOLUTE
    ../clib/heapalloc.c                      0x00000000   Number         0  hrguard.o ABSOLUTE
    ../clib/heapaux.c                        0x00000000   Number         0  heapauxi.o ABSOLUTE
    ../clib/libinit.s                        0x00000000   Number         0  libshutdown.o ABSOLUTE
    ../clib/libinit.s                        0x00000000   Number         0  libshutdown2.o ABSOLUTE
    ../clib/libinit.s                        0x00000000   Number         0  libinit2.o ABSOLUTE
    ../clib/libinit.s                        0x00000000   Number         0  libinit.o ABSOLUTE
    ../clib/longlong.s                       0x00000000   Number         0  lludivv7m.o ABSOLUTE
    ../clib/memcpset.s                       0x00000000   Number         0  rt_memclr_w.o ABSOLUTE
    ../clib/signal.c                         0x00000000   Number         0  __raise.o ABSOLUTE
    ../clib/signal.c                         0x00000000   Number         0  defsig_rtred_inner.o ABSOLUTE
    ../clib/signal.c                         0x00000000   Number         0  defsig_rtmem_inner.o ABSOLUTE
    ../clib/signal.c                         0x00000000   Number         0  defsig_general.o ABSOLUTE
    ../clib/signal.c                         0x00000000   Number         0  defsig_rtmem_outer.o ABSOLUTE
    ../clib/signal.c                         0x00000000   Number         0  defsig_rtmem_formal.o ABSOLUTE
    ../clib/signal.c                         0x00000000   Number         0  defsig_other.o ABSOLUTE
    ../clib/signal.c                         0x00000000   Number         0  defsig_exit.o ABSOLUTE
    ../clib/signal.c                         0x00000000   Number         0  defsig_abrt_inner.o ABSOLUTE
    ../clib/signal.c                         0x00000000   Number         0  defsig_fpe_inner.o ABSOLUTE
    ../clib/signal.c                         0x00000000   Number         0  defsig_segv_inner.o ABSOLUTE
    ../clib/signal.c                         0x00000000   Number         0  defsig_fpe_outer.o ABSOLUTE
    ../clib/signal.c                         0x00000000   Number         0  defsig_cppl_inner.o ABSOLUTE
    ../clib/signal.c                         0x00000000   Number         0  defsig_pvfn_inner.o ABSOLUTE
    ../clib/signal.c                         0x00000000   Number         0  defsig_stak_inner.o ABSOLUTE
    ../clib/signal.c                         0x00000000   Number         0  defsig_fpe_formal.o ABSOLUTE
    ../clib/signal.s                         0x00000000   Number         0  defsig.o ABSOLUTE
    ../clib/stdlib.c                         0x00000000   Number         0  exit.o ABSOLUTE
    ../fplib/d2f.s                           0x00000000   Number         0  d2f.o ABSOLUTE
    ../fplib/ddiv.s                          0x00000000   Number         0  ddiv.o ABSOLUTE
    ../fplib/dflt.s                          0x00000000   Number         0  dflt_clz.o ABSOLUTE
    ../fplib/dnaninf.s                       0x00000000   Number         0  dnaninf.o ABSOLUTE
    ../fplib/dretinf.s                       0x00000000   Number         0  dretinf.o ABSOLUTE
    ../fplib/fpinit.s                        0x00000000   Number         0  fpinit.o ABSOLUTE
    ../fplib/fretinf.s                       0x00000000   Number         0  fretinf.o ABSOLUTE
    ../fplib/usenofp.s                       0x00000000   Number         0  usenofp.o ABSOLUTE
    ..\Core\Src\main.c                       0x00000000   Number         0  main.o ABSOLUTE
    ..\Core\Src\stm32f4xx_hal_msp.c          0x00000000   Number         0  stm32f4xx_hal_msp.o ABSOLUTE
    ..\Core\Src\stm32f4xx_it.c               0x00000000   Number         0  stm32f4xx_it.o ABSOLUTE
    ..\Core\Src\system_stm32f4xx.c           0x00000000   Number         0  system_stm32f4xx.o ABSOLUTE
    ..\Drivers\STM32F4xx_HAL_Driver\Src\lc709.c 0x00000000   Number         0  lc709.o ABSOLUTE
    ..\Drivers\STM32F4xx_HAL_Driver\Src\stm32f4xx_hal.c 0x00000000   Number         0  stm32f4xx_hal.o ABSOLUTE
    ..\Drivers\STM32F4xx_HAL_Driver\Src\stm32f4xx_hal_cortex.c 0x00000000   Number         0  stm32f4xx_hal_cortex.o ABSOLUTE
    ..\Drivers\STM32F4xx_HAL_Driver\Src\stm32f4xx_hal_dma.c 0x00000000   Number         0  stm32f4xx_hal_dma.o ABSOLUTE
    ..\Drivers\STM32F4xx_HAL_Driver\Src\stm32f4xx_hal_dma_ex.c 0x00000000   Number         0  stm32f4xx_hal_dma_ex.o ABSOLUTE
    ..\Drivers\STM32F4xx_HAL_Driver\Src\stm32f4xx_hal_exti.c 0x00000000   Number         0  stm32f4xx_hal_exti.o ABSOLUTE
    ..\Drivers\STM32F4xx_HAL_Driver\Src\stm32f4xx_hal_flash.c 0x00000000   Number         0  stm32f4xx_hal_flash.o ABSOLUTE
    ..\Drivers\STM32F4xx_HAL_Driver\Src\stm32f4xx_hal_flash_ex.c 0x00000000   Number         0  stm32f4xx_hal_flash_ex.o ABSOLUTE
    ..\Drivers\STM32F4xx_HAL_Driver\Src\stm32f4xx_hal_flash_ramfunc.c 0x00000000   Number         0  stm32f4xx_hal_flash_ramfunc.o ABSOLUTE
    ..\Drivers\STM32F4xx_HAL_Driver\Src\stm32f4xx_hal_gpio.c 0x00000000   Number         0  stm32f4xx_hal_gpio.o ABSOLUTE
    ..\Drivers\STM32F4xx_HAL_Driver\Src\stm32f4xx_hal_i2c.c 0x00000000   Number         0  stm32f4xx_hal_i2c.o ABSOLUTE
    ..\Drivers\STM32F4xx_HAL_Driver\Src\stm32f4xx_hal_i2c_ex.c 0x00000000   Number         0  stm32f4xx_hal_i2c_ex.o ABSOLUTE
    ..\Drivers\STM32F4xx_HAL_Driver\Src\stm32f4xx_hal_pwr.c 0x00000000   Number         0  stm32f4xx_hal_pwr.o ABSOLUTE
    ..\Drivers\STM32F4xx_HAL_Driver\Src\stm32f4xx_hal_pwr_ex.c 0x00000000   Number         0  stm32f4xx_hal_pwr_ex.o ABSOLUTE
    ..\Drivers\STM32F4xx_HAL_Driver\Src\stm32f4xx_hal_rcc.c 0x00000000   Number         0  stm32f4xx_hal_rcc.o ABSOLUTE
    ..\Drivers\STM32F4xx_HAL_Driver\Src\stm32f4xx_hal_rcc_ex.c 0x00000000   Number         0  stm32f4xx_hal_rcc_ex.o ABSOLUTE
    ..\Drivers\STM32F4xx_HAL_Driver\Src\stm32f4xx_hal_tim.c 0x00000000   Number         0  stm32f4xx_hal_tim.o ABSOLUTE
    ..\Drivers\STM32F4xx_HAL_Driver\Src\stm32f4xx_hal_tim_ex.c 0x00000000   Number         0  stm32f4xx_hal_tim_ex.o ABSOLUTE
    ..\Drivers\STM32F4xx_HAL_Driver\Src\stm32f4xx_hal_uart.c 0x00000000   Number         0  stm32f4xx_hal_uart.o ABSOLUTE
    ..\\Drivers\\STM32F4xx_HAL_Driver\\Src\\lc709.c 0x00000000   Number         0  lc709.o ABSOLUTE
    dc.s                                     0x00000000   Number         0  dc.o ABSOLUTE
    startup_stm32f446xx.s                    0x00000000   Number         0  startup_stm32f446xx.o ABSOLUTE
    RESET                                    0x08000000   Section      452  startup_stm32f446xx.o(RESET)
    !!!main                                  0x080001c4   Section        8  __main.o(!!!main)
    !!!scatter                               0x080001cc   Section       52  __scatter.o(!!!scatter)
    !!handler_copy                           0x08000200   Section       26  __scatter_copy.o(!!handler_copy)
    !!handler_zi                             0x0800021c   Section       28  __scatter_zi.o(!!handler_zi)
    .ARM.Collect$$libinit$$00000000          0x08000238   Section        2  libinit.o(.ARM.Collect$$libinit$$00000000)
    .ARM.Collect$$libinit$$00000001          0x0800023a   Section        4  libinit2.o(.ARM.Collect$$libinit$$00000001)
    .ARM.Collect$$libinit$$00000004          0x0800023e   Section        0  libinit2.o(.ARM.Collect$$libinit$$00000004)
    .ARM.Collect$$libinit$$0000000A          0x0800023e   Section        0  libinit2.o(.ARM.Collect$$libinit$$0000000A)
    .ARM.Collect$$libinit$$0000000C          0x0800023e   Section        0  libinit2.o(.ARM.Collect$$libinit$$0000000C)
    .ARM.Collect$$libinit$$0000000E          0x0800023e   Section        0  libinit2.o(.ARM.Collect$$libinit$$0000000E)
    .ARM.Collect$$libinit$$00000011          0x0800023e   Section        0  libinit2.o(.ARM.Collect$$libinit$$00000011)
    .ARM.Collect$$libinit$$00000013          0x0800023e   Section        0  libinit2.o(.ARM.Collect$$libinit$$00000013)
    .ARM.Collect$$libinit$$00000015          0x0800023e   Section        0  libinit2.o(.ARM.Collect$$libinit$$00000015)
    .ARM.Collect$$libinit$$00000017          0x0800023e   Section        0  libinit2.o(.ARM.Collect$$libinit$$00000017)
    .ARM.Collect$$libinit$$00000019          0x0800023e   Section        0  libinit2.o(.ARM.Collect$$libinit$$00000019)
    .ARM.Collect$$libinit$$0000001B          0x0800023e   Section        0  libinit2.o(.ARM.Collect$$libinit$$0000001B)
    .ARM.Collect$$libinit$$0000001D          0x0800023e   Section        0  libinit2.o(.ARM.Collect$$libinit$$0000001D)
    .ARM.Collect$$libinit$$0000001F          0x0800023e   Section        0  libinit2.o(.ARM.Collect$$libinit$$0000001F)
    .ARM.Collect$$libinit$$00000021          0x0800023e   Section        0  libinit2.o(.ARM.Collect$$libinit$$00000021)
    .ARM.Collect$$libinit$$00000023          0x0800023e   Section        0  libinit2.o(.ARM.Collect$$libinit$$00000023)
    .ARM.Collect$$libinit$$00000025          0x0800023e   Section        0  libinit2.o(.ARM.Collect$$libinit$$00000025)
    .ARM.Collect$$libinit$$0000002C          0x0800023e   Section        0  libinit2.o(.ARM.Collect$$libinit$$0000002C)
    .ARM.Collect$$libinit$$0000002E          0x0800023e   Section        0  libinit2.o(.ARM.Collect$$libinit$$0000002E)
    .ARM.Collect$$libinit$$00000030          0x0800023e   Section        0  libinit2.o(.ARM.Collect$$libinit$$00000030)
    .ARM.Collect$$libinit$$00000032          0x0800023e   Section        0  libinit2.o(.ARM.Collect$$libinit$$00000032)
    .ARM.Collect$$libinit$$00000033          0x0800023e   Section        2  libinit2.o(.ARM.Collect$$libinit$$00000033)
    .ARM.Collect$$libshutdown$$00000000      0x08000240   Section        2  libshutdown.o(.ARM.Collect$$libshutdown$$00000000)
    .ARM.Collect$$libshutdown$$00000002      0x08000242   Section        0  libshutdown2.o(.ARM.Collect$$libshutdown$$00000002)
    .ARM.Collect$$libshutdown$$00000004      0x08000242   Section        0  libshutdown2.o(.ARM.Collect$$libshutdown$$00000004)
    .ARM.Collect$$libshutdown$$00000007      0x08000242   Section        0  libshutdown2.o(.ARM.Collect$$libshutdown$$00000007)
    .ARM.Collect$$libshutdown$$0000000A      0x08000242   Section        0  libshutdown2.o(.ARM.Collect$$libshutdown$$0000000A)
    .ARM.Collect$$libshutdown$$0000000C      0x08000242   Section        0  libshutdown2.o(.ARM.Collect$$libshutdown$$0000000C)
    .ARM.Collect$$libshutdown$$0000000F      0x08000242   Section        0  libshutdown2.o(.ARM.Collect$$libshutdown$$0000000F)
    .ARM.Collect$$libshutdown$$00000010      0x08000242   Section        2  libshutdown2.o(.ARM.Collect$$libshutdown$$00000010)
    .ARM.Collect$$rtentry$$00000000          0x08000244   Section        0  __rtentry.o(.ARM.Collect$$rtentry$$00000000)
    .ARM.Collect$$rtentry$$00000002          0x08000244   Section        0  __rtentry2.o(.ARM.Collect$$rtentry$$00000002)
    .ARM.Collect$$rtentry$$00000004          0x08000244   Section        6  __rtentry4.o(.ARM.Collect$$rtentry$$00000004)
    .ARM.Collect$$rtentry$$00000009          0x0800024a   Section        0  __rtentry2.o(.ARM.Collect$$rtentry$$00000009)
    .ARM.Collect$$rtentry$$0000000A          0x0800024a   Section        4  __rtentry2.o(.ARM.Collect$$rtentry$$0000000A)
    .ARM.Collect$$rtentry$$0000000C          0x0800024e   Section        0  __rtentry2.o(.ARM.Collect$$rtentry$$0000000C)
    .ARM.Collect$$rtentry$$0000000D          0x0800024e   Section        8  __rtentry2.o(.ARM.Collect$$rtentry$$0000000D)
    .ARM.Collect$$rtexit$$00000000           0x08000256   Section        2  rtexit.o(.ARM.Collect$$rtexit$$00000000)
    .ARM.Collect$$rtexit$$00000002           0x08000258   Section        0  rtexit2.o(.ARM.Collect$$rtexit$$00000002)
    .ARM.Collect$$rtexit$$00000003           0x08000258   Section        4  rtexit2.o(.ARM.Collect$$rtexit$$00000003)
    .ARM.Collect$$rtexit$$00000004           0x0800025c   Section        6  rtexit2.o(.ARM.Collect$$rtexit$$00000004)
    .text                                    0x08000264   Section       64  startup_stm32f446xx.o(.text)
    $v0                                      0x08000264   Number         0  startup_stm32f446xx.o(.text)
    .text                                    0x080002a4   Section      238  lludivv7m.o(.text)
    .text                                    0x08000392   Section       78  rt_memclr_w.o(.text)
    .text                                    0x080003e0   Section        0  heapauxi.o(.text)
    .text                                    0x080003e6   Section       74  sys_stackheap_outer.o(.text)
    .text                                    0x08000430   Section        0  exit.o(.text)
    .text                                    0x08000444   Section        8  libspace.o(.text)
    .text                                    0x0800044c   Section        0  sys_exit.o(.text)
    .text                                    0x08000458   Section        2  use_no_semi.o(.text)
    .text                                    0x0800045a   Section        0  indicate_semi.o(.text)
    i.BusFault_Handler                       0x0800045a   Section        0  stm32f4xx_it.o(i.BusFault_Handler)
    i.DebugMon_Handler                       0x0800045c   Section        0  stm32f4xx_it.o(i.DebugMon_Handler)
    i.HAL_Delay                              0x08000460   Section        0  stm32f4xx_hal.o(i.HAL_Delay)
    i.HAL_GPIO_Init                          0x08000484   Section        0  stm32f4xx_hal_gpio.o(i.HAL_GPIO_Init)
    i.HAL_GPIO_TogglePin                     0x08000660   Section        0  stm32f4xx_hal_gpio.o(i.HAL_GPIO_TogglePin)
    i.HAL_GPIO_WritePin                      0x08000670   Section        0  stm32f4xx_hal_gpio.o(i.HAL_GPIO_WritePin)
    i.HAL_GetTick                            0x0800067c   Section        0  stm32f4xx_hal.o(i.HAL_GetTick)
    i.HAL_I2C_Init                           0x08000688   Section        0  stm32f4xx_hal_i2c.o(i.HAL_I2C_Init)
    i.HAL_I2C_MspInit                        0x08000810   Section        0  stm32f4xx_hal_msp.o(i.HAL_I2C_MspInit)
    i.HAL_IncTick                            0x08000878   Section        0  stm32f4xx_hal.o(i.HAL_IncTick)
    i.HAL_Init                               0x08000888   Section        0  stm32f4xx_hal.o(i.HAL_Init)
    i.HAL_InitTick                           0x080008bc   Section        0  stm32f4xx_hal.o(i.HAL_InitTick)
    i.HAL_MspInit                            0x080008fc   Section        0  stm32f4xx_hal_msp.o(i.HAL_MspInit)
    i.HAL_NVIC_SetPriority                   0x08000930   Section        0  stm32f4xx_hal_cortex.o(i.HAL_NVIC_SetPriority)
    i.HAL_NVIC_SetPriorityGrouping           0x08000970   Section        0  stm32f4xx_hal_cortex.o(i.HAL_NVIC_SetPriorityGrouping)
    i.HAL_RCC_ClockConfig                    0x08000994   Section        0  stm32f4xx_hal_rcc.o(i.HAL_RCC_ClockConfig)
    i.HAL_RCC_GetPCLK1Freq                   0x08000ac8   Section        0  stm32f4xx_hal_rcc.o(i.HAL_RCC_GetPCLK1Freq)
    i.HAL_RCC_GetPCLK2Freq                   0x08000ae8   Section        0  stm32f4xx_hal_rcc.o(i.HAL_RCC_GetPCLK2Freq)
    i.HAL_RCC_GetSysClockFreq                0x08000b08   Section        0  stm32f4xx_hal_rcc_ex.o(i.HAL_RCC_GetSysClockFreq)
    i.HAL_RCC_OscConfig                      0x08000b9c   Section        0  stm32f4xx_hal_rcc_ex.o(i.HAL_RCC_OscConfig)
    i.HAL_SYSTICK_Config                     0x08000f34   Section        0  stm32f4xx_hal_cortex.o(i.HAL_SYSTICK_Config)
    i.HAL_UART_Init                          0x08000f5c   Section        0  stm32f4xx_hal_uart.o(i.HAL_UART_Init)
    i.HAL_UART_MspInit                       0x08000fc0   Section        0  stm32f4xx_hal_msp.o(i.HAL_UART_MspInit)
    i.HardFault_Handler                      0x08001028   Section        0  stm32f4xx_it.o(i.HardFault_Handler)
    i.I2C_Address                            0x0800102c   Section        0  lc709.o(i.I2C_Address)
    i.I2C_Read                               0x08001048   Section        0  lc709.o(i.I2C_Read)
    i.I2C_Start                              0x080010dc   Section        0  lc709.o(i.I2C_Start)
    i.I2C_Stop                               0x08001100   Section        0  lc709.o(i.I2C_Stop)
    i.I2C_Write                              0x08001110   Section        0  lc709.o(i.I2C_Write)
    i.I2C_WriteMulti                         0x0800112c   Section        0  lc709.o(i.I2C_WriteMulti)
    i.MX_GPIO_Init                           0x0800115c   Section        0  main.o(i.MX_GPIO_Init)
    MX_GPIO_Init                             0x0800115d   Thumb Code   138  main.o(i.MX_GPIO_Init)
    i.MemManage_Handler                      0x080011f4   Section        0  stm32f4xx_it.o(i.MemManage_Handler)
    i.NMI_Handler                            0x080011f6   Section        0  stm32f4xx_it.o(i.NMI_Handler)
    i.PendSV_Handler                         0x080011f8   Section        0  stm32f4xx_it.o(i.PendSV_Handler)
    i.SVC_Handler                            0x080011fa   Section        0  stm32f4xx_it.o(i.SVC_Handler)
    i.SysTick_Handler                        0x080011fc   Section        0  stm32f4xx_it.o(i.SysTick_Handler)
    i.SystemClock_Config                     0x08001200   Section        0  main.o(i.SystemClock_Config)
    i.SystemInit                             0x08001298   Section        0  system_stm32f4xx.o(i.SystemInit)
    i.UART_SetConfig                         0x080012a8   Section        0  stm32f4xx_hal_uart.o(i.UART_SetConfig)
    UART_SetConfig                           0x080012a9   Thumb Code   258  stm32f4xx_hal_uart.o(i.UART_SetConfig)
    i.UsageFault_Handler                     0x080013b4   Section        0  stm32f4xx_it.o(i.UsageFault_Handler)
    i.__NVIC_SetPriority                     0x080013b6   Section        0  stm32f4xx_hal_cortex.o(i.__NVIC_SetPriority)
    __NVIC_SetPriority                       0x080013b7   Thumb Code    32  stm32f4xx_hal_cortex.o(i.__NVIC_SetPriority)
    i.cellPercent                            0x080013d8   Section        0  lc709.o(i.cellPercent)
    i.cellVoltage                            0x08001410   Section        0  lc709.o(i.cellVoltage)
    i.currentDirection                       0x0800143c   Section        0  lc709.o(i.currentDirection)
    i.emptyCellVoltage                       0x08001444   Section        0  lc709.o(i.emptyCellVoltage)
    i.getCellTemperature                     0x0800144c   Section        0  lc709.o(i.getCellTemperature)
    i.getStateOfHealth                       0x08001484   Section        0  lc709.o(i.getStateOfHealth)
    i.initRSOC                               0x0800149a   Section        0  lc709.o(i.initRSOC)
    i.lc709_crc8                             0x080014a4   Section        0  lc709.o(i.lc709_crc8)
    i.main                                   0x080014d0   Section        0  main.o(i.main)
    i.readWord                               0x08001600   Section        0  lc709.o(i.readWord)
    i.setAlarmRSOC                           0x08001640   Section        0  lc709.o(i.setAlarmRSOC)
    i.setAlarmVoltage                        0x08001648   Section        0  lc709.o(i.setAlarmVoltage)
    i.setBattProfile                         0x08001664   Section        0  lc709.o(i.setBattProfile)
    i.setPackSize                            0x0800166c   Section        0  lc709.o(i.setPackSize)
    i.setPowerMode                           0x08001674   Section        0  lc709.o(i.setPowerMode)
    i.setTemperatureMode                     0x0800167c   Section        0  lc709.o(i.setTemperatureMode)
    i.setThermistorB                         0x08001684   Section        0  lc709.o(i.setThermistorB)
    i.timeToEmpty                            0x0800168c   Section        0  lc709.o(i.timeToEmpty)
    i.timeToFull                             0x080016aa   Section        0  lc709.o(i.timeToFull)
    i.writeWord                              0x080016c8   Section        0  lc709.o(i.writeWord)
    x$fpl$d2f                                0x08001720   Section       98  d2f.o(x$fpl$d2f)
    $v0                                      0x08001720   Number         0  d2f.o(x$fpl$d2f)
    x$fpl$ddiv                               0x08001784   Section      688  ddiv.o(x$fpl$ddiv)
    $v0                                      0x08001784   Number         0  ddiv.o(x$fpl$ddiv)
    ddiv_entry                               0x0800178b   Thumb Code     0  ddiv.o(x$fpl$ddiv)
    x$fpl$dfltu                              0x08001a34   Section       38  dflt_clz.o(x$fpl$dfltu)
    $v0                                      0x08001a34   Number         0  dflt_clz.o(x$fpl$dfltu)
    x$fpl$dnaninf                            0x08001a5a   Section      156  dnaninf.o(x$fpl$dnaninf)
    $v0                                      0x08001a5a   Number         0  dnaninf.o(x$fpl$dnaninf)
    x$fpl$dretinf                            0x08001af6   Section       12  dretinf.o(x$fpl$dretinf)
    $v0                                      0x08001af6   Number         0  dretinf.o(x$fpl$dretinf)
    x$fpl$fpinit                             0x08001b02   Section       10  fpinit.o(x$fpl$fpinit)
    $v0                                      0x08001b02   Number         0  fpinit.o(x$fpl$fpinit)
    x$fpl$fretinf                            0x08001b0c   Section       10  fretinf.o(x$fpl$fretinf)
    $v0                                      0x08001b0c   Number         0  fretinf.o(x$fpl$fretinf)
    .constdata                               0x08001b16   Section       16  system_stm32f4xx.o(.constdata)
    x$fpl$usenofp                            0x08001b16   Section        0  usenofp.o(x$fpl$usenofp)
    .constdata                               0x08001b26   Section        8  system_stm32f4xx.o(.constdata)
    .data                                    0x20000000   Section       16  main.o(.data)
    .data                                    0x20000010   Section       12  stm32f4xx_hal.o(.data)
    .data                                    0x2000001c   Section        4  system_stm32f4xx.o(.data)
    .bss                                     0x20000020   Section      152  main.o(.bss)
    .bss                                     0x200000b8   Section       96  libspace.o(.bss)
    HEAP                                     0x20000118   Section      512  startup_stm32f446xx.o(HEAP)
    Heap_Mem                                 0x20000118   Data         512  startup_stm32f446xx.o(HEAP)
    STACK                                    0x20000318   Section     1024  startup_stm32f446xx.o(STACK)
    Stack_Mem                                0x20000318   Data        1024  startup_stm32f446xx.o(STACK)
    __initial_sp                             0x20000718   Data           0  startup_stm32f446xx.o(STACK)

    Global Symbols

    Symbol Name                              Value     Ov Type        Size  Object(Section)

    BuildAttributes$$THM_ISAv4$E$P$D$K$B$S$7EM$VFPi3$EXTD16$VFPS$VFMA$PE$A:L22UL41UL21$X:L11$S22US41US21$IEEE1$IW$USESV6$~STKCKD$USESV7$~SHL$OSPACE$ROPI$EBA8$UX$STANDARDLIB$REQ8$PRES8$EABIv2 0x00000000   Number         0  anon$$obj.o ABSOLUTE
    __ARM_use_no_argv                        0x00000000   Number         0  main.o ABSOLUTE
    __ARM_exceptions_init                     - Undefined Weak Reference
    __alloca_initialize                       - Undefined Weak Reference
    __arm_preinit_                            - Undefined Weak Reference
    __cpp_initialize__aeabi_                  - Undefined Weak Reference
    __cxa_finalize                            - Undefined Weak Reference
    __rt_locale                               - Undefined Weak Reference
    __sigvec_lookup                           - Undefined Weak Reference
    _atexit_init                              - Undefined Weak Reference
    _call_atexit_fns                          - Undefined Weak Reference
    _clock_init                               - Undefined Weak Reference
    _fp_trap_init                             - Undefined Weak Reference
    _fp_trap_shutdown                         - Undefined Weak Reference
    _get_lc_collate                           - Undefined Weak Reference
    _get_lc_ctype                             - Undefined Weak Reference
    _get_lc_monetary                          - Undefined Weak Reference
    _get_lc_numeric                           - Undefined Weak Reference
    _get_lc_time                              - Undefined Weak Reference
    _getenv_init                              - Undefined Weak Reference
    _handle_redirection                       - Undefined Weak Reference
    _init_alloc                               - Undefined Weak Reference
    _init_user_alloc                          - Undefined Weak Reference
    _initio                                   - Undefined Weak Reference
    _rand_init                                - Undefined Weak Reference
    _signal_finish                            - Undefined Weak Reference
    _signal_init                              - Undefined Weak Reference
    _terminate_alloc                          - Undefined Weak Reference
    _terminate_user_alloc                     - Undefined Weak Reference
    _terminateio                              - Undefined Weak Reference
    __Vectors_Size                           0x000001c4   Number         0  startup_stm32f446xx.o ABSOLUTE
    __Vectors                                0x08000000   Data           4  startup_stm32f446xx.o(RESET)
    __Vectors_End                            0x080001c4   Data           0  startup_stm32f446xx.o(RESET)
    __main                                   0x080001c5   Thumb Code     8  __main.o(!!!main)
    __scatterload                            0x080001cd   Thumb Code     0  __scatter.o(!!!scatter)
    __scatterload_rt2                        0x080001cd   Thumb Code    44  __scatter.o(!!!scatter)
    __scatterload_rt2_thumb_only             0x080001cd   Thumb Code     0  __scatter.o(!!!scatter)
    __scatterload_null                       0x080001db   Thumb Code     0  __scatter.o(!!!scatter)
    __scatterload_copy                       0x08000201   Thumb Code    26  __scatter_copy.o(!!handler_copy)
    __scatterload_zeroinit                   0x0800021d   Thumb Code    28  __scatter_zi.o(!!handler_zi)
    __rt_lib_init                            0x08000239   Thumb Code     0  libinit.o(.ARM.Collect$$libinit$$00000000)
    __rt_lib_init_fp_1                       0x0800023b   Thumb Code     0  libinit2.o(.ARM.Collect$$libinit$$00000001)
    __rt_lib_init_alloca_1                   0x0800023f   Thumb Code     0  libinit2.o(.ARM.Collect$$libinit$$0000002E)
    __rt_lib_init_argv_1                     0x0800023f   Thumb Code     0  libinit2.o(.ARM.Collect$$libinit$$0000002C)
    __rt_lib_init_atexit_1                   0x0800023f   Thumb Code     0  libinit2.o(.ARM.Collect$$libinit$$0000001B)
    __rt_lib_init_clock_1                    0x0800023f   Thumb Code     0  libinit2.o(.ARM.Collect$$libinit$$00000021)
    __rt_lib_init_cpp_1                      0x0800023f   Thumb Code     0  libinit2.o(.ARM.Collect$$libinit$$00000032)
    __rt_lib_init_exceptions_1               0x0800023f   Thumb Code     0  libinit2.o(.ARM.Collect$$libinit$$00000030)
    __rt_lib_init_fp_trap_1                  0x0800023f   Thumb Code     0  libinit2.o(.ARM.Collect$$libinit$$0000001F)
    __rt_lib_init_getenv_1                   0x0800023f   Thumb Code     0  libinit2.o(.ARM.Collect$$libinit$$00000023)
    __rt_lib_init_heap_1                     0x0800023f   Thumb Code     0  libinit2.o(.ARM.Collect$$libinit$$0000000A)
    __rt_lib_init_lc_collate_1               0x0800023f   Thumb Code     0  libinit2.o(.ARM.Collect$$libinit$$00000011)
    __rt_lib_init_lc_ctype_1                 0x0800023f   Thumb Code     0  libinit2.o(.ARM.Collect$$libinit$$00000013)
    __rt_lib_init_lc_monetary_1              0x0800023f   Thumb Code     0  libinit2.o(.ARM.Collect$$libinit$$00000015)
    __rt_lib_init_lc_numeric_1               0x0800023f   Thumb Code     0  libinit2.o(.ARM.Collect$$libinit$$00000017)
    __rt_lib_init_lc_time_1                  0x0800023f   Thumb Code     0  libinit2.o(.ARM.Collect$$libinit$$00000019)
    __rt_lib_init_preinit_1                  0x0800023f   Thumb Code     0  libinit2.o(.ARM.Collect$$libinit$$00000004)
    __rt_lib_init_rand_1                     0x0800023f   Thumb Code     0  libinit2.o(.ARM.Collect$$libinit$$0000000E)
    __rt_lib_init_return                     0x0800023f   Thumb Code     0  libinit2.o(.ARM.Collect$$libinit$$00000033)
    __rt_lib_init_signal_1                   0x0800023f   Thumb Code     0  libinit2.o(.ARM.Collect$$libinit$$0000001D)
    __rt_lib_init_stdio_1                    0x0800023f   Thumb Code     0  libinit2.o(.ARM.Collect$$libinit$$00000025)
    __rt_lib_init_user_alloc_1               0x0800023f   Thumb Code     0  libinit2.o(.ARM.Collect$$libinit$$0000000C)
    __rt_lib_shutdown                        0x08000241   Thumb Code     0  libshutdown.o(.ARM.Collect$$libshutdown$$00000000)
    __rt_lib_shutdown_cpp_1                  0x08000243   Thumb Code     0  libshutdown2.o(.ARM.Collect$$libshutdown$$00000002)
    __rt_lib_shutdown_fp_trap_1              0x08000243   Thumb Code     0  libshutdown2.o(.ARM.Collect$$libshutdown$$00000007)
    __rt_lib_shutdown_heap_1                 0x08000243   Thumb Code     0  libshutdown2.o(.ARM.Collect$$libshutdown$$0000000F)
    __rt_lib_shutdown_return                 0x08000243   Thumb Code     0  libshutdown2.o(.ARM.Collect$$libshutdown$$00000010)
    __rt_lib_shutdown_signal_1               0x08000243   Thumb Code     0  libshutdown2.o(.ARM.Collect$$libshutdown$$0000000A)
    __rt_lib_shutdown_stdio_1                0x08000243   Thumb Code     0  libshutdown2.o(.ARM.Collect$$libshutdown$$00000004)
    __rt_lib_shutdown_user_alloc_1           0x08000243   Thumb Code     0  libshutdown2.o(.ARM.Collect$$libshutdown$$0000000C)
    __rt_entry                               0x08000245   Thumb Code     0  __rtentry.o(.ARM.Collect$$rtentry$$00000000)
    __rt_entry_presh_1                       0x08000245   Thumb Code     0  __rtentry2.o(.ARM.Collect$$rtentry$$00000002)
    __rt_entry_sh                            0x08000245   Thumb Code     0  __rtentry4.o(.ARM.Collect$$rtentry$$00000004)
    __rt_entry_li                            0x0800024b   Thumb Code     0  __rtentry2.o(.ARM.Collect$$rtentry$$0000000A)
    __rt_entry_postsh_1                      0x0800024b   Thumb Code     0  __rtentry2.o(.ARM.Collect$$rtentry$$00000009)
    __rt_entry_main                          0x0800024f   Thumb Code     0  __rtentry2.o(.ARM.Collect$$rtentry$$0000000D)
    __rt_entry_postli_1                      0x0800024f   Thumb Code     0  __rtentry2.o(.ARM.Collect$$rtentry$$0000000C)
    __rt_exit                                0x08000257   Thumb Code     0  rtexit.o(.ARM.Collect$$rtexit$$00000000)
    __rt_exit_ls                             0x08000259   Thumb Code     0  rtexit2.o(.ARM.Collect$$rtexit$$00000003)
    __rt_exit_prels_1                        0x08000259   Thumb Code     0  rtexit2.o(.ARM.Collect$$rtexit$$00000002)
    __rt_exit_exit                           0x0800025d   Thumb Code     0  rtexit2.o(.ARM.Collect$$rtexit$$00000004)
    Reset_Handler                            0x08000265   Thumb Code     8  startup_stm32f446xx.o(.text)
    ADC_IRQHandler                           0x0800027f   Thumb Code     0  startup_stm32f446xx.o(.text)
    CAN1_RX0_IRQHandler                      0x0800027f   Thumb Code     0  startup_stm32f446xx.o(.text)
    CAN1_RX1_IRQHandler                      0x0800027f   Thumb Code     0  startup_stm32f446xx.o(.text)
    CAN1_SCE_IRQHandler                      0x0800027f   Thumb Code     0  startup_stm32f446xx.o(.text)
    CAN1_TX_IRQHandler                       0x0800027f   Thumb Code     0  startup_stm32f446xx.o(.text)
    CAN2_RX0_IRQHandler                      0x0800027f   Thumb Code     0  startup_stm32f446xx.o(.text)
    CAN2_RX1_IRQHandler                      0x0800027f   Thumb Code     0  startup_stm32f446xx.o(.text)
    CAN2_SCE_IRQHandler                      0x0800027f   Thumb Code     0  startup_stm32f446xx.o(.text)
    CAN2_TX_IRQHandler                       0x0800027f   Thumb Code     0  startup_stm32f446xx.o(.text)
    CEC_IRQHandler                           0x0800027f   Thumb Code     0  startup_stm32f446xx.o(.text)
    DCMI_IRQHandler                          0x0800027f   Thumb Code     0  startup_stm32f446xx.o(.text)
    DMA1_Stream0_IRQHandler                  0x0800027f   Thumb Code     0  startup_stm32f446xx.o(.text)
    DMA1_Stream1_IRQHandler                  0x0800027f   Thumb Code     0  startup_stm32f446xx.o(.text)
    DMA1_Stream2_IRQHandler                  0x0800027f   Thumb Code     0  startup_stm32f446xx.o(.text)
    DMA1_Stream3_IRQHandler                  0x0800027f   Thumb Code     0  startup_stm32f446xx.o(.text)
    DMA1_Stream4_IRQHandler                  0x0800027f   Thumb Code     0  startup_stm32f446xx.o(.text)
    DMA1_Stream5_IRQHandler                  0x0800027f   Thumb Code     0  startup_stm32f446xx.o(.text)
    DMA1_Stream6_IRQHandler                  0x0800027f   Thumb Code     0  startup_stm32f446xx.o(.text)
    DMA1_Stream7_IRQHandler                  0x0800027f   Thumb Code     0  startup_stm32f446xx.o(.text)
    DMA2_Stream0_IRQHandler                  0x0800027f   Thumb Code     0  startup_stm32f446xx.o(.text)
    DMA2_Stream1_IRQHandler                  0x0800027f   Thumb Code     0  startup_stm32f446xx.o(.text)
    DMA2_Stream2_IRQHandler                  0x0800027f   Thumb Code     0  startup_stm32f446xx.o(.text)
    DMA2_Stream3_IRQHandler                  0x0800027f   Thumb Code     0  startup_stm32f446xx.o(.text)
    DMA2_Stream4_IRQHandler                  0x0800027f   Thumb Code     0  startup_stm32f446xx.o(.text)
    DMA2_Stream5_IRQHandler                  0x0800027f   Thumb Code     0  startup_stm32f446xx.o(.text)
    DMA2_Stream6_IRQHandler                  0x0800027f   Thumb Code     0  startup_stm32f446xx.o(.text)
    DMA2_Stream7_IRQHandler                  0x0800027f   Thumb Code     0  startup_stm32f446xx.o(.text)
    EXTI0_IRQHandler                         0x0800027f   Thumb Code     0  startup_stm32f446xx.o(.text)
    EXTI15_10_IRQHandler                     0x0800027f   Thumb Code     0  startup_stm32f446xx.o(.text)
    EXTI1_IRQHandler                         0x0800027f   Thumb Code     0  startup_stm32f446xx.o(.text)
    EXTI2_IRQHandler                         0x0800027f   Thumb Code     0  startup_stm32f446xx.o(.text)
    EXTI3_IRQHandler                         0x0800027f   Thumb Code     0  startup_stm32f446xx.o(.text)
    EXTI4_IRQHandler                         0x0800027f   Thumb Code     0  startup_stm32f446xx.o(.text)
    EXTI9_5_IRQHandler                       0x0800027f   Thumb Code     0  startup_stm32f446xx.o(.text)
    FLASH_IRQHandler                         0x0800027f   Thumb Code     0  startup_stm32f446xx.o(.text)
    FMC_IRQHandler                           0x0800027f   Thumb Code     0  startup_stm32f446xx.o(.text)
    FMPI2C1_ER_IRQHandler                    0x0800027f   Thumb Code     0  startup_stm32f446xx.o(.text)
    FMPI2C1_EV_IRQHandler                    0x0800027f   Thumb Code     0  startup_stm32f446xx.o(.text)
    FPU_IRQHandler                           0x0800027f   Thumb Code     0  startup_stm32f446xx.o(.text)
    I2C1_ER_IRQHandler                       0x0800027f   Thumb Code     0  startup_stm32f446xx.o(.text)
    I2C1_EV_IRQHandler                       0x0800027f   Thumb Code     0  startup_stm32f446xx.o(.text)
    I2C2_ER_IRQHandler                       0x0800027f   Thumb Code     0  startup_stm32f446xx.o(.text)
    I2C2_EV_IRQHandler                       0x0800027f   Thumb Code     0  startup_stm32f446xx.o(.text)
    I2C3_ER_IRQHandler                       0x0800027f   Thumb Code     0  startup_stm32f446xx.o(.text)
    I2C3_EV_IRQHandler                       0x0800027f   Thumb Code     0  startup_stm32f446xx.o(.text)
    OTG_FS_IRQHandler                        0x0800027f   Thumb Code     0  startup_stm32f446xx.o(.text)
    OTG_FS_WKUP_IRQHandler                   0x0800027f   Thumb Code     0  startup_stm32f446xx.o(.text)
    OTG_HS_EP1_IN_IRQHandler                 0x0800027f   Thumb Code     0  startup_stm32f446xx.o(.text)
    OTG_HS_EP1_OUT_IRQHandler                0x0800027f   Thumb Code     0  startup_stm32f446xx.o(.text)
    OTG_HS_IRQHandler                        0x0800027f   Thumb Code     0  startup_stm32f446xx.o(.text)
    OTG_HS_WKUP_IRQHandler                   0x0800027f   Thumb Code     0  startup_stm32f446xx.o(.text)
    PVD_IRQHandler                           0x0800027f   Thumb Code     0  startup_stm32f446xx.o(.text)
    QUADSPI_IRQHandler                       0x0800027f   Thumb Code     0  startup_stm32f446xx.o(.text)
    RCC_IRQHandler                           0x0800027f   Thumb Code     0  startup_stm32f446xx.o(.text)
    RTC_Alarm_IRQHandler                     0x0800027f   Thumb Code     0  startup_stm32f446xx.o(.text)
    RTC_WKUP_IRQHandler                      0x0800027f   Thumb Code     0  startup_stm32f446xx.o(.text)
    SAI1_IRQHandler                          0x0800027f   Thumb Code     0  startup_stm32f446xx.o(.text)
    SAI2_IRQHandler                          0x0800027f   Thumb Code     0  startup_stm32f446xx.o(.text)
    SDIO_IRQHandler                          0x0800027f   Thumb Code     0  startup_stm32f446xx.o(.text)
    SPDIF_RX_IRQHandler                      0x0800027f   Thumb Code     0  startup_stm32f446xx.o(.text)
    SPI1_IRQHandler                          0x0800027f   Thumb Code     0  startup_stm32f446xx.o(.text)
    SPI2_IRQHandler                          0x0800027f   Thumb Code     0  startup_stm32f446xx.o(.text)
    SPI3_IRQHandler                          0x0800027f   Thumb Code     0  startup_stm32f446xx.o(.text)
    SPI4_IRQHandler                          0x0800027f   Thumb Code     0  startup_stm32f446xx.o(.text)
    TAMP_STAMP_IRQHandler                    0x0800027f   Thumb Code     0  startup_stm32f446xx.o(.text)
    TIM1_BRK_TIM9_IRQHandler                 0x0800027f   Thumb Code     0  startup_stm32f446xx.o(.text)
    TIM1_CC_IRQHandler                       0x0800027f   Thumb Code     0  startup_stm32f446xx.o(.text)
    TIM1_TRG_COM_TIM11_IRQHandler            0x0800027f   Thumb Code     0  startup_stm32f446xx.o(.text)
    TIM1_UP_TIM10_IRQHandler                 0x0800027f   Thumb Code     0  startup_stm32f446xx.o(.text)
    TIM2_IRQHandler                          0x0800027f   Thumb Code     0  startup_stm32f446xx.o(.text)
    TIM3_IRQHandler                          0x0800027f   Thumb Code     0  startup_stm32f446xx.o(.text)
    TIM4_IRQHandler                          0x0800027f   Thumb Code     0  startup_stm32f446xx.o(.text)
    TIM5_IRQHandler                          0x0800027f   Thumb Code     0  startup_stm32f446xx.o(.text)
    TIM6_DAC_IRQHandler                      0x0800027f   Thumb Code     0  startup_stm32f446xx.o(.text)
    TIM7_IRQHandler                          0x0800027f   Thumb Code     0  startup_stm32f446xx.o(.text)
    TIM8_BRK_TIM12_IRQHandler                0x0800027f   Thumb Code     0  startup_stm32f446xx.o(.text)
    TIM8_CC_IRQHandler                       0x0800027f   Thumb Code     0  startup_stm32f446xx.o(.text)
    TIM8_TRG_COM_TIM14_IRQHandler            0x0800027f   Thumb Code     0  startup_stm32f446xx.o(.text)
    TIM8_UP_TIM13_IRQHandler                 0x0800027f   Thumb Code     0  startup_stm32f446xx.o(.text)
    UART4_IRQHandler                         0x0800027f   Thumb Code     0  startup_stm32f446xx.o(.text)
    UART5_IRQHandler                         0x0800027f   Thumb Code     0  startup_stm32f446xx.o(.text)
    USART1_IRQHandler                        0x0800027f   Thumb Code     0  startup_stm32f446xx.o(.text)
    USART2_IRQHandler                        0x0800027f   Thumb Code     0  startup_stm32f446xx.o(.text)
    USART3_IRQHandler                        0x0800027f   Thumb Code     0  startup_stm32f446xx.o(.text)
    USART6_IRQHandler                        0x0800027f   Thumb Code     0  startup_stm32f446xx.o(.text)
    WWDG_IRQHandler                          0x0800027f   Thumb Code     0  startup_stm32f446xx.o(.text)
    __user_initial_stackheap                 0x08000281   Thumb Code     0  startup_stm32f446xx.o(.text)
    __aeabi_uldivmod                         0x080002a5   Thumb Code     0  lludivv7m.o(.text)
    _ll_udiv                                 0x080002a5   Thumb Code   238  lludivv7m.o(.text)
    __aeabi_memclr4                          0x08000393   Thumb Code     0  rt_memclr_w.o(.text)
    __aeabi_memclr8                          0x08000393   Thumb Code     0  rt_memclr_w.o(.text)
    __rt_memclr_w                            0x08000393   Thumb Code    78  rt_memclr_w.o(.text)
    _memset_w                                0x08000397   Thumb Code     0  rt_memclr_w.o(.text)
    __use_two_region_memory                  0x080003e1   Thumb Code     2  heapauxi.o(.text)
    __rt_heap_escrow$2region                 0x080003e3   Thumb Code     2  heapauxi.o(.text)
    __rt_heap_expand$2region                 0x080003e5   Thumb Code     2  heapauxi.o(.text)
    __user_setup_stackheap                   0x080003e7   Thumb Code    74  sys_stackheap_outer.o(.text)
    exit                                     0x08000431   Thumb Code    18  exit.o(.text)
    __user_libspace                          0x08000445   Thumb Code     8  libspace.o(.text)
    __user_perproc_libspace                  0x08000445   Thumb Code     0  libspace.o(.text)
    __user_perthread_libspace                0x08000445   Thumb Code     0  libspace.o(.text)
    _sys_exit                                0x0800044d   Thumb Code     8  sys_exit.o(.text)
    __I$use$semihosting                      0x08000459   Thumb Code     0  use_no_semi.o(.text)
    __use_no_semihosting_swi                 0x08000459   Thumb Code     2  use_no_semi.o(.text)
    BusFault_Handler                         0x0800045b   Thumb Code     2  stm32f4xx_it.o(i.BusFault_Handler)
    __semihosting_library_function           0x0800045b   Thumb Code     0  indicate_semi.o(.text)
    DebugMon_Handler                         0x0800045d   Thumb Code     2  stm32f4xx_it.o(i.DebugMon_Handler)
    HAL_Delay                                0x08000461   Thumb Code    32  stm32f4xx_hal.o(i.HAL_Delay)
    HAL_GPIO_Init                            0x08000485   Thumb Code   436  stm32f4xx_hal_gpio.o(i.HAL_GPIO_Init)
    HAL_GPIO_TogglePin                       0x08000661   Thumb Code    16  stm32f4xx_hal_gpio.o(i.HAL_GPIO_TogglePin)
    HAL_GPIO_WritePin                        0x08000671   Thumb Code    10  stm32f4xx_hal_gpio.o(i.HAL_GPIO_WritePin)
    HAL_GetTick                              0x0800067d   Thumb Code     6  stm32f4xx_hal.o(i.HAL_GetTick)
    HAL_I2C_Init                             0x08000689   Thumb Code   376  stm32f4xx_hal_i2c.o(i.HAL_I2C_Init)
    HAL_I2C_MspInit                          0x08000811   Thumb Code    92  stm32f4xx_hal_msp.o(i.HAL_I2C_MspInit)
    HAL_IncTick                              0x08000879   Thumb Code    12  stm32f4xx_hal.o(i.HAL_IncTick)
    HAL_Init                                 0x08000889   Thumb Code    48  stm32f4xx_hal.o(i.HAL_Init)
    HAL_InitTick                             0x080008bd   Thumb Code    54  stm32f4xx_hal.o(i.HAL_InitTick)
    HAL_MspInit                              0x080008fd   Thumb Code    48  stm32f4xx_hal_msp.o(i.HAL_MspInit)
    HAL_NVIC_SetPriority                     0x08000931   Thumb Code    60  stm32f4xx_hal_cortex.o(i.HAL_NVIC_SetPriority)
    HAL_NVIC_SetPriorityGrouping             0x08000971   Thumb Code    26  stm32f4xx_hal_cortex.o(i.HAL_NVIC_SetPriorityGrouping)
    HAL_RCC_ClockConfig                      0x08000995   Thumb Code   288  stm32f4xx_hal_rcc.o(i.HAL_RCC_ClockConfig)
    HAL_RCC_GetPCLK1Freq                     0x08000ac9   Thumb Code    20  stm32f4xx_hal_rcc.o(i.HAL_RCC_GetPCLK1Freq)
    HAL_RCC_GetPCLK2Freq                     0x08000ae9   Thumb Code    20  stm32f4xx_hal_rcc.o(i.HAL_RCC_GetPCLK2Freq)
    HAL_RCC_GetSysClockFreq                  0x08000b09   Thumb Code   140  stm32f4xx_hal_rcc_ex.o(i.HAL_RCC_GetSysClockFreq)
    HAL_RCC_OscConfig                        0x08000b9d   Thumb Code   900  stm32f4xx_hal_rcc_ex.o(i.HAL_RCC_OscConfig)
    HAL_SYSTICK_Config                       0x08000f35   Thumb Code    40  stm32f4xx_hal_cortex.o(i.HAL_SYSTICK_Config)
    HAL_UART_Init                            0x08000f5d   Thumb Code    98  stm32f4xx_hal_uart.o(i.HAL_UART_Init)
    HAL_UART_MspInit                         0x08000fc1   Thumb Code    92  stm32f4xx_hal_msp.o(i.HAL_UART_MspInit)
    HardFault_Handler                        0x08001029   Thumb Code     2  stm32f4xx_it.o(i.HardFault_Handler)
    I2C_Address                              0x0800102d   Thumb Code    22  lc709.o(i.I2C_Address)
    I2C_Read                                 0x08001049   Thumb Code   142  lc709.o(i.I2C_Read)
    I2C_Start                                0x080010dd   Thumb Code    30  lc709.o(i.I2C_Start)
    I2C_Stop                                 0x08001101   Thumb Code    12  lc709.o(i.I2C_Stop)
    I2C_Write                                0x08001111   Thumb Code    22  lc709.o(i.I2C_Write)
    I2C_WriteMulti                           0x0800112d   Thumb Code    42  lc709.o(i.I2C_WriteMulti)
    MemManage_Handler                        0x080011f5   Thumb Code     2  stm32f4xx_it.o(i.MemManage_Handler)
    NMI_Handler                              0x080011f7   Thumb Code     2  stm32f4xx_it.o(i.NMI_Handler)
    PendSV_Handler                           0x080011f9   Thumb Code     2  stm32f4xx_it.o(i.PendSV_Handler)
    SVC_Handler                              0x080011fb   Thumb Code     2  stm32f4xx_it.o(i.SVC_Handler)
    SysTick_Handler                          0x080011fd   Thumb Code     4  stm32f4xx_it.o(i.SysTick_Handler)
    SystemClock_Config                       0x08001201   Thumb Code   142  main.o(i.SystemClock_Config)
    SystemInit                               0x08001299   Thumb Code    12  system_stm32f4xx.o(i.SystemInit)
    UsageFault_Handler                       0x080013b5   Thumb Code     2  stm32f4xx_it.o(i.UsageFault_Handler)
    cellPercent                              0x080013d9   Thumb Code    46  lc709.o(i.cellPercent)
    cellVoltage                              0x08001411   Thumb Code    38  lc709.o(i.cellVoltage)
    currentDirection                         0x0800143d   Thumb Code     8  lc709.o(i.currentDirection)
    emptyCellVoltage                         0x08001445   Thumb Code     8  lc709.o(i.emptyCellVoltage)
    getCellTemperature                       0x0800144d   Thumb Code    46  lc709.o(i.getCellTemperature)
    getStateOfHealth                         0x08001485   Thumb Code    22  lc709.o(i.getStateOfHealth)
    initRSOC                                 0x0800149b   Thumb Code    10  lc709.o(i.initRSOC)
    lc709_crc8                               0x080014a5   Thumb Code    44  lc709.o(i.lc709_crc8)
    main                                     0x080014d1   Thumb Code   276  main.o(i.main)
    readWord                                 0x08001601   Thumb Code    64  lc709.o(i.readWord)
    setAlarmRSOC                             0x08001641   Thumb Code     8  lc709.o(i.setAlarmRSOC)
    setAlarmVoltage                          0x08001649   Thumb Code    24  lc709.o(i.setAlarmVoltage)
    setBattProfile                           0x08001665   Thumb Code     8  lc709.o(i.setBattProfile)
    setPackSize                              0x0800166d   Thumb Code     8  lc709.o(i.setPackSize)
    setPowerMode                             0x08001675   Thumb Code     8  lc709.o(i.setPowerMode)
    setTemperatureMode                       0x0800167d   Thumb Code     8  lc709.o(i.setTemperatureMode)
    setThermistorB                           0x08001685   Thumb Code     8  lc709.o(i.setThermistorB)
    timeToEmpty                              0x0800168d   Thumb Code    30  lc709.o(i.timeToEmpty)
    timeToFull                               0x080016ab   Thumb Code    30  lc709.o(i.timeToFull)
    writeWord                                0x080016c9   Thumb Code    86  lc709.o(i.writeWord)
    __aeabi_d2f                              0x08001721   Thumb Code     0  d2f.o(x$fpl$d2f)
    _d2f                                     0x08001721   Thumb Code    98  d2f.o(x$fpl$d2f)
    __aeabi_ddiv                             0x08001785   Thumb Code     0  ddiv.o(x$fpl$ddiv)
    _ddiv                                    0x08001785   Thumb Code   552  ddiv.o(x$fpl$ddiv)
    __aeabi_ui2d                             0x08001a35   Thumb Code     0  dflt_clz.o(x$fpl$dfltu)
    _dfltu                                   0x08001a35   Thumb Code    38  dflt_clz.o(x$fpl$dfltu)
    __fpl_dnaninf                            0x08001a5b   Thumb Code   156  dnaninf.o(x$fpl$dnaninf)
    __fpl_dretinf                            0x08001af7   Thumb Code    12  dretinf.o(x$fpl$dretinf)
    _fp_init                                 0x08001b03   Thumb Code    10  fpinit.o(x$fpl$fpinit)
    __fplib_config_fpu_vfp                   0x08001b0b   Thumb Code     0  fpinit.o(x$fpl$fpinit)
    __fplib_config_pureend_doubles           0x08001b0b   Thumb Code     0  fpinit.o(x$fpl$fpinit)
    __fpl_fretinf                            0x08001b0d   Thumb Code    10  fretinf.o(x$fpl$fretinf)
    AHBPrescTable                            0x08001b16   Data          16  system_stm32f4xx.o(.constdata)
    __I$use$fp                               0x08001b16   Number         0  usenofp.o(x$fpl$usenofp)
    APBPrescTable                            0x08001b26   Data           8  system_stm32f4xx.o(.constdata)
    Region$$Table$$Base                      0x08001b30   Number         0  anon$$obj.o(Region$$Table)
    Region$$Table$$Limit                     0x08001b50   Number         0  anon$$obj.o(Region$$Table)
    timeEmpty                                0x20000000   Data           2  main.o(.data)
    timeFull                                 0x20000002   Data           2  main.o(.data)
    pillPercent                              0x20000004   Data           2  main.o(.data)
    stateHealth                              0x20000006   Data           2  main.o(.data)
    circuitTemp                              0x20000008   Data           2  main.o(.data)
    current                                  0x2000000a   Data           2  main.o(.data)
    voltage                                  0x2000000c   Data           4  main.o(.data)
    uwTickFreq                               0x20000010   Data           1  stm32f4xx_hal.o(.data)
    uwTickPrio                               0x20000014   Data           4  stm32f4xx_hal.o(.data)
    uwTick                                   0x20000018   Data           4  stm32f4xx_hal.o(.data)
    SystemCoreClock                          0x2000001c   Data           4  system_stm32f4xx.o(.data)
    hi2c1                                    0x20000020   Data          84  main.o(.bss)
    huart2                                   0x20000074   Data          68  main.o(.bss)
    __libspace_start                         0x200000b8   Data          96  libspace.o(.bss)
    __temporary_stack_top$libspace           0x20000118   Data           0  libspace.o(.bss)



==============================================================================

Memory Map of the image

  Image Entry point : 0x080001c5

  Load Region LR_IROM1 (Base: 0x08000000, Size: 0x00001b70, Max: 0x00080000, ABSOLUTE)

    Execution Region ER_IROM1 (Exec base: 0x08000000, Load base: 0x08000000, Size: 0x00001b50, Max: 0x00080000, ABSOLUTE)

    Exec Addr    Load Addr    Size         Type   Attr      Idx    E Section Name        Object

    0x08000000   0x08000000   0x000001c4   Data   RO            3    RESET               startup_stm32f446xx.o
    0x080001c4   0x080001c4   0x00000008   Code   RO         2616  * !!!main             c_w.l(__main.o)
    0x080001cc   0x080001cc   0x00000034   Code   RO         2802    !!!scatter          c_w.l(__scatter.o)
    0x08000200   0x08000200   0x0000001a   Code   RO         2804    !!handler_copy      c_w.l(__scatter_copy.o)
    0x0800021a   0x0800021a   0x00000002   PAD
    0x0800021c   0x0800021c   0x0000001c   Code   RO         2806    !!handler_zi        c_w.l(__scatter_zi.o)
    0x08000238   0x08000238   0x00000002   Code   RO         2672    .ARM.Collect$$libinit$$00000000  c_w.l(libinit.o)
    0x0800023a   0x0800023a   0x00000004   Code   RO         2684    .ARM.Collect$$libinit$$00000001  c_w.l(libinit2.o)
    0x0800023e   0x0800023e   0x00000000   Code   RO         2687    .ARM.Collect$$libinit$$00000004  c_w.l(libinit2.o)
    0x0800023e   0x0800023e   0x00000000   Code   RO         2690    .ARM.Collect$$libinit$$0000000A  c_w.l(libinit2.o)
    0x0800023e   0x0800023e   0x00000000   Code   RO         2692    .ARM.Collect$$libinit$$0000000C  c_w.l(libinit2.o)
    0x0800023e   0x0800023e   0x00000000   Code   RO         2694    .ARM.Collect$$libinit$$0000000E  c_w.l(libinit2.o)
    0x0800023e   0x0800023e   0x00000000   Code   RO         2697    .ARM.Collect$$libinit$$00000011  c_w.l(libinit2.o)
    0x0800023e   0x0800023e   0x00000000   Code   RO         2699    .ARM.Collect$$libinit$$00000013  c_w.l(libinit2.o)
    0x0800023e   0x0800023e   0x00000000   Code   RO         2701    .ARM.Collect$$libinit$$00000015  c_w.l(libinit2.o)
    0x0800023e   0x0800023e   0x00000000   Code   RO         2703    .ARM.Collect$$libinit$$00000017  c_w.l(libinit2.o)
    0x0800023e   0x0800023e   0x00000000   Code   RO         2705    .ARM.Collect$$libinit$$00000019  c_w.l(libinit2.o)
    0x0800023e   0x0800023e   0x00000000   Code   RO         2707    .ARM.Collect$$libinit$$0000001B  c_w.l(libinit2.o)
    0x0800023e   0x0800023e   0x00000000   Code   RO         2709    .ARM.Collect$$libinit$$0000001D  c_w.l(libinit2.o)
    0x0800023e   0x0800023e   0x00000000   Code   RO         2711    .ARM.Collect$$libinit$$0000001F  c_w.l(libinit2.o)
    0x0800023e   0x0800023e   0x00000000   Code   RO         2713    .ARM.Collect$$libinit$$00000021  c_w.l(libinit2.o)
    0x0800023e   0x0800023e   0x00000000   Code   RO         2715    .ARM.Collect$$libinit$$00000023  c_w.l(libinit2.o)
    0x0800023e   0x0800023e   0x00000000   Code   RO         2717    .ARM.Collect$$libinit$$00000025  c_w.l(libinit2.o)
    0x0800023e   0x0800023e   0x00000000   Code   RO         2721    .ARM.Collect$$libinit$$0000002C  c_w.l(libinit2.o)
    0x0800023e   0x0800023e   0x00000000   Code   RO         2723    .ARM.Collect$$libinit$$0000002E  c_w.l(libinit2.o)
    0x0800023e   0x0800023e   0x00000000   Code   RO         2725    .ARM.Collect$$libinit$$00000030  c_w.l(libinit2.o)
    0x0800023e   0x0800023e   0x00000000   Code   RO         2727    .ARM.Collect$$libinit$$00000032  c_w.l(libinit2.o)
    0x0800023e   0x0800023e   0x00000002   Code   RO         2728    .ARM.Collect$$libinit$$00000033  c_w.l(libinit2.o)
    0x08000240   0x08000240   0x00000002   Code   RO         2759    .ARM.Collect$$libshutdown$$00000000  c_w.l(libshutdown.o)
    0x08000242   0x08000242   0x00000000   Code   RO         2785    .ARM.Collect$$libshutdown$$00000002  c_w.l(libshutdown2.o)
    0x08000242   0x08000242   0x00000000   Code   RO         2787    .ARM.Collect$$libshutdown$$00000004  c_w.l(libshutdown2.o)
    0x08000242   0x08000242   0x00000000   Code   RO         2790    .ARM.Collect$$libshutdown$$00000007  c_w.l(libshutdown2.o)
    0x08000242   0x08000242   0x00000000   Code   RO         2793    .ARM.Collect$$libshutdown$$0000000A  c_w.l(libshutdown2.o)
    0x08000242   0x08000242   0x00000000   Code   RO         2795    .ARM.Collect$$libshutdown$$0000000C  c_w.l(libshutdown2.o)
    0x08000242   0x08000242   0x00000000   Code   RO         2798    .ARM.Collect$$libshutdown$$0000000F  c_w.l(libshutdown2.o)
    0x08000242   0x08000242   0x00000002   Code   RO         2799    .ARM.Collect$$libshutdown$$00000010  c_w.l(libshutdown2.o)
    0x08000244   0x08000244   0x00000000   Code   RO         2630    .ARM.Collect$$rtentry$$00000000  c_w.l(__rtentry.o)
    0x08000244   0x08000244   0x00000000   Code   RO         2643    .ARM.Collect$$rtentry$$00000002  c_w.l(__rtentry2.o)
    0x08000244   0x08000244   0x00000006   Code   RO         2655    .ARM.Collect$$rtentry$$00000004  c_w.l(__rtentry4.o)
    0x0800024a   0x0800024a   0x00000000   Code   RO         2645    .ARM.Collect$$rtentry$$00000009  c_w.l(__rtentry2.o)
    0x0800024a   0x0800024a   0x00000004   Code   RO         2646    .ARM.Collect$$rtentry$$0000000A  c_w.l(__rtentry2.o)
    0x0800024e   0x0800024e   0x00000000   Code   RO         2648    .ARM.Collect$$rtentry$$0000000C  c_w.l(__rtentry2.o)
    0x0800024e   0x0800024e   0x00000008   Code   RO         2649    .ARM.Collect$$rtentry$$0000000D  c_w.l(__rtentry2.o)
    0x08000256   0x08000256   0x00000002   Code   RO         2676    .ARM.Collect$$rtexit$$00000000  c_w.l(rtexit.o)
    0x08000258   0x08000258   0x00000000   Code   RO         2732    .ARM.Collect$$rtexit$$00000002  c_w.l(rtexit2.o)
    0x08000258   0x08000258   0x00000004   Code   RO         2733    .ARM.Collect$$rtexit$$00000003  c_w.l(rtexit2.o)
    0x0800025c   0x0800025c   0x00000006   Code   RO         2734    .ARM.Collect$$rtexit$$00000004  c_w.l(rtexit2.o)
    0x08000262   0x08000262   0x00000002   PAD
    0x08000264   0x08000264   0x00000040   Code   RO            4    .text               startup_stm32f446xx.o
    0x080002a4   0x080002a4   0x000000ee   Code   RO         2610    .text               c_w.l(lludivv7m.o)
    0x08000392   0x08000392   0x0000004e   Code   RO         2612    .text               c_w.l(rt_memclr_w.o)
    0x080003e0   0x080003e0   0x00000006   Code   RO         2614    .text               c_w.l(heapauxi.o)
    0x080003e6   0x080003e6   0x0000004a   Code   RO         2659    .text               c_w.l(sys_stackheap_outer.o)
    0x08000430   0x08000430   0x00000012   Code   RO         2661    .text               c_w.l(exit.o)
    0x08000442   0x08000442   0x00000002   PAD
    0x08000444   0x08000444   0x00000008   Code   RO         2673    .text               c_w.l(libspace.o)
    0x0800044c   0x0800044c   0x0000000c   Code   RO         2729    .text               c_w.l(sys_exit.o)
    0x08000458   0x08000458   0x00000002   Code   RO         2748    .text               c_w.l(use_no_semi.o)
    0x0800045a   0x0800045a   0x00000000   Code   RO         2750    .text               c_w.l(indicate_semi.o)
    0x0800045a   0x0800045a   0x00000002   Code   RO          165    i.BusFault_Handler  stm32f4xx_it.o
    0x0800045c   0x0800045c   0x00000002   Code   RO          166    i.DebugMon_Handler  stm32f4xx_it.o
    0x0800045e   0x0800045e   0x00000002   PAD
    0x08000460   0x08000460   0x00000024   Code   RO         1733    i.HAL_Delay         stm32f4xx_hal.o
    0x08000484   0x08000484   0x000001dc   Code   RO         1189    i.HAL_GPIO_Init     stm32f4xx_hal_gpio.o
    0x08000660   0x08000660   0x00000010   Code   RO         1192    i.HAL_GPIO_TogglePin  stm32f4xx_hal_gpio.o
    0x08000670   0x08000670   0x0000000a   Code   RO         1193    i.HAL_GPIO_WritePin  stm32f4xx_hal_gpio.o
    0x0800067a   0x0800067a   0x00000002   PAD
    0x0800067c   0x0800067c   0x0000000c   Code   RO         1739    i.HAL_GetTick       stm32f4xx_hal.o
    0x08000688   0x08000688   0x00000188   Code   RO          299    i.HAL_I2C_Init      stm32f4xx_hal_i2c.o
    0x08000810   0x08000810   0x00000068   Code   RO          241    i.HAL_I2C_MspInit   stm32f4xx_hal_msp.o
    0x08000878   0x08000878   0x00000010   Code   RO         1745    i.HAL_IncTick       stm32f4xx_hal.o
    0x08000888   0x08000888   0x00000034   Code   RO         1746    i.HAL_Init          stm32f4xx_hal.o
    0x080008bc   0x080008bc   0x00000040   Code   RO         1747    i.HAL_InitTick      stm32f4xx_hal.o
    0x080008fc   0x080008fc   0x00000034   Code   RO          242    i.HAL_MspInit       stm32f4xx_hal_msp.o
    0x08000930   0x08000930   0x00000040   Code   RO         1602    i.HAL_NVIC_SetPriority  stm32f4xx_hal_cortex.o
    0x08000970   0x08000970   0x00000024   Code   RO         1603    i.HAL_NVIC_SetPriorityGrouping  stm32f4xx_hal_cortex.o
    0x08000994   0x08000994   0x00000134   Code   RO          751    i.HAL_RCC_ClockConfig  stm32f4xx_hal_rcc.o
    0x08000ac8   0x08000ac8   0x00000020   Code   RO          758    i.HAL_RCC_GetPCLK1Freq  stm32f4xx_hal_rcc.o
    0x08000ae8   0x08000ae8   0x00000020   Code   RO          759    i.HAL_RCC_GetPCLK2Freq  stm32f4xx_hal_rcc.o
    0x08000b08   0x08000b08   0x00000094   Code   RO          862    i.HAL_RCC_GetSysClockFreq  stm32f4xx_hal_rcc_ex.o
    0x08000b9c   0x08000b9c   0x00000398   Code   RO          863    i.HAL_RCC_OscConfig  stm32f4xx_hal_rcc_ex.o
    0x08000f34   0x08000f34   0x00000028   Code   RO         1607    i.HAL_SYSTICK_Config  stm32f4xx_hal_cortex.o
    0x08000f5c   0x08000f5c   0x00000062   Code   RO         2049    i.HAL_UART_Init     stm32f4xx_hal_uart.o
    0x08000fbe   0x08000fbe   0x00000002   PAD
    0x08000fc0   0x08000fc0   0x00000068   Code   RO          244    i.HAL_UART_MspInit  stm32f4xx_hal_msp.o
    0x08001028   0x08001028   0x00000002   Code   RO          167    i.HardFault_Handler  stm32f4xx_it.o
    0x0800102a   0x0800102a   0x00000002   PAD
    0x0800102c   0x0800102c   0x0000001c   Code   RO         2377    i.I2C_Address       lc709.o
    0x08001048   0x08001048   0x00000094   Code   RO         2378    i.I2C_Read          lc709.o
    0x080010dc   0x080010dc   0x00000024   Code   RO         2379    i.I2C_Start         lc709.o
    0x08001100   0x08001100   0x00000010   Code   RO         2380    i.I2C_Stop          lc709.o
    0x08001110   0x08001110   0x0000001c   Code   RO         2381    i.I2C_Write         lc709.o
    0x0800112c   0x0800112c   0x00000030   Code   RO         2382    i.I2C_WriteMulti    lc709.o
    0x0800115c   0x0800115c   0x00000098   Code   RO           14    i.MX_GPIO_Init      main.o
    0x080011f4   0x080011f4   0x00000002   Code   RO          168    i.MemManage_Handler  stm32f4xx_it.o
    0x080011f6   0x080011f6   0x00000002   Code   RO          169    i.NMI_Handler       stm32f4xx_it.o
    0x080011f8   0x080011f8   0x00000002   Code   RO          170    i.PendSV_Handler    stm32f4xx_it.o
    0x080011fa   0x080011fa   0x00000002   Code   RO          171    i.SVC_Handler       stm32f4xx_it.o
    0x080011fc   0x080011fc   0x00000004   Code   RO          172    i.SysTick_Handler   stm32f4xx_it.o
    0x08001200   0x08001200   0x00000098   Code   RO           15    i.SystemClock_Config  main.o
    0x08001298   0x08001298   0x00000010   Code   RO         2574    i.SystemInit        system_stm32f4xx.o
    0x080012a8   0x080012a8   0x0000010c   Code   RO         2075    i.UART_SetConfig    stm32f4xx_hal_uart.o
    0x080013b4   0x080013b4   0x00000002   Code   RO          173    i.UsageFault_Handler  stm32f4xx_it.o
    0x080013b6   0x080013b6   0x00000020   Code   RO         1609    i.__NVIC_SetPriority  stm32f4xx_hal_cortex.o
    0x080013d6   0x080013d6   0x00000002   PAD
    0x080013d8   0x080013d8   0x00000038   Code   RO         2383    i.cellPercent       lc709.o
    0x08001410   0x08001410   0x0000002c   Code   RO         2384    i.cellVoltage       lc709.o
    0x0800143c   0x0800143c   0x00000008   Code   RO         2385    i.currentDirection  lc709.o
    0x08001444   0x08001444   0x00000008   Code   RO         2386    i.emptyCellVoltage  lc709.o
    0x0800144c   0x0800144c   0x00000038   Code   RO         2388    i.getCellTemperature  lc709.o
    0x08001484   0x08001484   0x00000016   Code   RO         2390    i.getStateOfHealth  lc709.o
    0x0800149a   0x0800149a   0x0000000a   Code   RO         2392    i.initRSOC          lc709.o
    0x080014a4   0x080014a4   0x0000002c   Code   RO         2393    i.lc709_crc8        lc709.o
    0x080014d0   0x080014d0   0x00000130   Code   RO           16    i.main              main.o
    0x08001600   0x08001600   0x00000040   Code   RO         2394    i.readWord          lc709.o
    0x08001640   0x08001640   0x00000008   Code   RO         2395    i.setAlarmRSOC      lc709.o
    0x08001648   0x08001648   0x0000001c   Code   RO         2396    i.setAlarmVoltage   lc709.o
    0x08001664   0x08001664   0x00000008   Code   RO         2397    i.setBattProfile    lc709.o
    0x0800166c   0x0800166c   0x00000008   Code   RO         2399    i.setPackSize       lc709.o
    0x08001674   0x08001674   0x00000008   Code   RO         2400    i.setPowerMode      lc709.o
    0x0800167c   0x0800167c   0x00000008   Code   RO         2401    i.setTemperatureMode  lc709.o
    0x08001684   0x08001684   0x00000008   Code   RO         2402    i.setThermistorB    lc709.o
    0x0800168c   0x0800168c   0x0000001e   Code   RO         2403    i.timeToEmpty       lc709.o
    0x080016aa   0x080016aa   0x0000001e   Code   RO         2404    i.timeToFull        lc709.o
    0x080016c8   0x080016c8   0x00000056   Code   RO         2405    i.writeWord         lc709.o
    0x0800171e   0x0800171e   0x00000002   PAD
    0x08001720   0x08001720   0x00000062   Code   RO         2618    x$fpl$d2f           fz_wm.l(d2f.o)
    0x08001782   0x08001782   0x00000002   PAD
    0x08001784   0x08001784   0x000002b0   Code   RO         2621    x$fpl$ddiv          fz_wm.l(ddiv.o)
    0x08001a34   0x08001a34   0x00000026   Code   RO         2624    x$fpl$dfltu         fz_wm.l(dflt_clz.o)
    0x08001a5a   0x08001a5a   0x0000009c   Code   RO         2635    x$fpl$dnaninf       fz_wm.l(dnaninf.o)
    0x08001af6   0x08001af6   0x0000000c   Code   RO         2637    x$fpl$dretinf       fz_wm.l(dretinf.o)
    0x08001b02   0x08001b02   0x0000000a   Code   RO         2744    x$fpl$fpinit        fz_wm.l(fpinit.o)
    0x08001b0c   0x08001b0c   0x0000000a   Code   RO         2639    x$fpl$fretinf       fz_wm.l(fretinf.o)
    0x08001b16   0x08001b16   0x00000000   Code   RO         2641    x$fpl$usenofp       fz_wm.l(usenofp.o)
    0x08001b16   0x08001b16   0x00000010   Data   RO         2575    .constdata          system_stm32f4xx.o
    0x08001b26   0x08001b26   0x00000008   Data   RO         2576    .constdata          system_stm32f4xx.o
    0x08001b2e   0x08001b2e   0x00000002   PAD
    0x08001b30   0x08001b30   0x00000020   Data   RO         2800    Region$$Table       anon$$obj.o


    Execution Region RW_IRAM1 (Exec base: 0x20000000, Load base: 0x08001b50, Size: 0x00000718, Max: 0x00020000, ABSOLUTE)

    Exec Addr    Load Addr    Size         Type   Attr      Idx    E Section Name        Object

    0x20000000   0x08001b50   0x00000010   Data   RW           18    .data               main.o
    0x20000010   0x08001b60   0x0000000c   Data   RW         1753    .data               stm32f4xx_hal.o
    0x2000001c   0x08001b6c   0x00000004   Data   RW         2577    .data               system_stm32f4xx.o
    0x20000020        -       0x00000098   Zero   RW           17    .bss                main.o
    0x200000b8        -       0x00000060   Zero   RW         2674    .bss                c_w.l(libspace.o)
    0x20000118        -       0x00000200   Zero   RW            2    HEAP                startup_stm32f446xx.o
    0x20000318        -       0x00000400   Zero   RW            1    STACK               startup_stm32f446xx.o


==============================================================================

Image component sizes


      Code (inc. data)   RO Data    RW Data    ZI Data      Debug   Object Name

       838         64          0          0          0      15200   lc709.o
       608         52          0         16        152     692026   main.o
        64         26        452          0       1536        856   startup_stm32f446xx.o
       180         28          0         12          0       9365   stm32f4xx_hal.o
       172         14          0          0          0      33318   stm32f4xx_hal_cortex.o
       502         40          0          0          0       2877   stm32f4xx_hal_gpio.o
       392         16          0          0          0       3143   stm32f4xx_hal_i2c.o
       260         28          0          0          0       2359   stm32f4xx_hal_msp.o
       372         44          0          0          0       2938   stm32f4xx_hal_rcc.o
      1068         28          0          0          0       2842   stm32f4xx_hal_rcc_ex.o
       366         10          0          0          0       2068   stm32f4xx_hal_uart.o
        20          0          0          0          0       4274   stm32f4xx_it.o
        16          4         24          4          0       1163   system_stm32f4xx.o

    ----------------------------------------------------------------------
      4870        354        510         32       1688     772429   Object Totals
         0          0         32          0          0          0   (incl. Generated)
        12          0          2          0          0          0   (incl. Padding)

    ----------------------------------------------------------------------

      Code (inc. data)   RO Data    RW Data    ZI Data      Debug   Library Member Name

         8          0          0          0          0         68   __main.o
         0          0          0          0          0          0   __rtentry.o
        12          0          0          0          0          0   __rtentry2.o
         6          0          0          0          0          0   __rtentry4.o
        52          8          0          0          0          0   __scatter.o
        26          0          0          0          0          0   __scatter_copy.o
        28          0          0          0          0          0   __scatter_zi.o
        18          0          0          0          0         80   exit.o
         6          0          0          0          0        152   heapauxi.o
         0          0          0          0          0          0   indicate_semi.o
         2          0          0          0          0          0   libinit.o
         6          0          0          0          0          0   libinit2.o
         2          0          0          0          0          0   libshutdown.o
         2          0          0          0          0          0   libshutdown2.o
         8          4          0          0         96         68   libspace.o
       238          0          0          0          0        100   lludivv7m.o
        78          0          0          0          0         80   rt_memclr_w.o
         2          0          0          0          0          0   rtexit.o
        10          0          0          0          0          0   rtexit2.o
        12          4          0          0          0         68   sys_exit.o
        74          0          0          0          0         80   sys_stackheap_outer.o
         2          0          0          0          0         68   use_no_semi.o
        98          4          0          0          0        140   d2f.o
       688        140          0          0          0        256   ddiv.o
        38          0          0          0          0        116   dflt_clz.o
       156          4          0          0          0        140   dnaninf.o
        12          0          0          0          0        116   dretinf.o
        10          0          0          0          0        116   fpinit.o
        10          0          0          0          0        116   fretinf.o
         0          0          0          0          0          0   usenofp.o

    ----------------------------------------------------------------------
      1612        164          0          0         96       1764   Library Totals
         8          0          0          0          0          0   (incl. Padding)

    ----------------------------------------------------------------------

      Code (inc. data)   RO Data    RW Data    ZI Data      Debug   Library Name

       592         16          0          0         96        764   c_w.l
      1012        148          0          0          0       1000   fz_wm.l

    ----------------------------------------------------------------------
      1612        164          0          0         96       1764   Library Totals

    ----------------------------------------------------------------------

==============================================================================


      Code (inc. data)   RO Data    RW Data    ZI Data      Debug   

      6482        518        510         32       1784     768033   Grand Totals
      6482        518        510         32       1784     768033   ELF Image Totals
      6482        518        510         32          0          0   ROM Totals

==============================================================================

    Total RO  Size (Code + RO Data)                 6992 (   6.83kB)
    Total RW  Size (RW Data + ZI Data)              1816 (   1.77kB)
    Total ROM Size (Code + RO Data + RW Data)       7024 (   6.86kB)

==============================================================================

